00110000-001a2000 r-xp 00000000 fc:01 1753692    /usr/lib/libgdk-x11-2.0.so.0.1800.3
Size:                584 kB
Rss:                 376 kB
Pss:                  24 kB
Shared_Clean:        376 kB
Shared_Dirty:          0 kB
Private_Clean:         0 kB
Private_Dirty:         0 kB
Referenced:          376 kB
Swap:                  0 kB
KernelPageSize:        4 kB
MMUPageSize:           4 kB
001a2000-001a4000 r--p 00092000 fc:01 1753692    /usr/lib/libgdk-x11-2.0.so.0.1800.3
Size:                  8 kB
Rss:                   8 kB
Pss:                   8 kB
Shared_Clean:          0 kB
Shared_Dirty:          0 kB
Private_Clean:         8 kB
Private_Dirty:         0 kB
Referenced:            8 kB
Swap:                  0 kB
KernelPageSize:        4 kB
MMUPageSize:           4 kB
001a4000-001a5000 rw-p 00094000 fc:01 1753692    /usr/lib/libgdk-x11-2.0.so.0.1800.3
Size:                  4 kB
Rss:                   4 kB
Pss:                   4 kB
Shared_Clean:          0 kB
Shared_Dirty:          0 kB
Private_Clean:         0 kB
Private_Dirty:         4 kB
Referenced:            4 kB
Swap:                  0 kB
KernelPageSize:        4 kB
MMUPageSize:           4 kB
001a5000-001b3000 r-xp 00000000 fc:01 1756135    /usr/lib/libXext.so.6.4.0
Size:                 56 kB
Rss:                  24 kB
Pss:                   1 kB
Shared_Clean:         24 kB
Shared_Dirty:          0 kB
Private_Clean:         0 kB
Private_Dirty:         0 kB
Referenced:           24 kB
Swap:                  0 kB
KernelPageSize:        4 kB
MMUPageSize:           4 kB
001b3000-001b4000 r--p 0000d000 fc:01 1756135    /usr/lib/libXext.so.6.4.0
Size:                  4 kB
Rss:                   4 kB
Pss:                   4 kB
Shared_Clean:          0 kB
Shared_Dirty:          0 kB
Private_Clean:         4 kB
Private_Dirty:         0 kB
Referenced:            0 kB
Swap:                  0 kB
KernelPageSize:        4 kB
MMUPageSize:           4 kB
001b4000-001b5000 rw-p 0000e000 fc:01 1756135    /usr/lib/libXext.so.6.4.0
Size:                  4 kB
Rss:                   4 kB
Pss:                   4 kB
Shared_Clean:          0 kB
Shared_Dirty:          0 kB
Private_Clean:         4 kB
Private_Dirty:         0 kB
Referenced:            4 kB
Swap:                  0 kB
KernelPageSize:        4 kB
MMUPageSize:           4 kB
001b5000-001bd000 r-xp 00000000 fc:01 1756686    /usr/lib/libXrender.so.1.3.0
Size:                 32 kB
Rss:                  28 kB
Pss:                   1 kB
Shared_Clean:         28 kB
Shared_Dirty:          0 kB
Private_Clean:         0 kB
Private_Dirty:         0 kB
Referenced:           28 kB
Swap:                  0 kB
KernelPageSize:        4 kB
MMUPageSize:           4 kB
001bd000-001be000 r--p 00007000 fc:01 1756686    /usr/lib/libXrender.so.1.3.0
Size:                  4 kB
Rss:                   4 kB
Pss:                   4 kB
Shared_Clean:          0 kB
Shared_Dirty:          0 kB
Private_Clean:         4 kB
Private_Dirty:         0 kB
Referenced:            4 kB
Swap:                  0 kB
KernelPageSize:        4 kB
MMUPageSize:           4 kB
001be000-001bf000 rw-p 00008000 fc:01 1756686    /usr/lib/libXrender.so.1.3.0
Size:                  4 kB
Rss:                   4 kB
Pss:                   4 kB
Shared_Clean:          0 kB
Shared_Dirty:          0 kB
Private_Clean:         4 kB
Private_Dirty:         0 kB
Referenced:            4 kB
Swap:                  0 kB
KernelPageSize:        4 kB
MMUPageSize:           4 kB
001bf000-001c8000 r-xp 00000000 fc:01 1755927    /usr/lib/libXi.so.6.0.0
Size:                 36 kB
Rss:                   0 kB
Pss:                   0 kB
Shared_Clean:          0 kB
Shared_Dirty:          0 kB
Private_Clean:         0 kB
Private_Dirty:         0 kB
Referenced:            0 kB
Swap:                  0 kB
KernelPageSize:        4 kB
MMUPageSize:           4 kB
001c8000-001c9000 r--p 00008000 fc:01 1755927    /usr/lib/libXi.so.6.0.0
Size:                  4 kB
Rss:                   4 kB
Pss:                   4 kB
Shared_Clean:          0 kB
Shared_Dirty:          0 kB
Private_Clean:         4 kB
Private_Dirty:         0 kB
Referenced:            0 kB
Swap:                  0 kB
KernelPageSize:        4 kB
MMUPageSize:           4 kB
001c9000-001ca000 rw-p 00009000 fc:01 1755927    /usr/lib/libXi.so.6.0.0
Size:                  4 kB
Rss:                   0 kB
Pss:                   0 kB
Shared_Clean:          0 kB
Shared_Dirty:          0 kB
Private_Clean:         0 kB
Private_Dirty:         0 kB
Referenced:            0 kB
Swap:                  4 kB
KernelPageSize:        4 kB
MMUPageSize:           4 kB
001ca000-001cd000 r-xp 00000000 fc:01 1756926    /usr/lib/libxcb-render-util.so.0.0.0
Size:                 12 kB
Rss:                   0 kB
Pss:                   0 kB
Shared_Clean:          0 kB
Shared_Dirty:          0 kB
Private_Clean:         0 kB
Private_Dirty:         0 kB
Referenced:            0 kB
Swap:                  0 kB
KernelPageSize:        4 kB
MMUPageSize:           4 kB
001cd000-001ce000 r--p 00002000 fc:01 1756926    /usr/lib/libxcb-render-util.so.0.0.0
Size:                  4 kB
Rss:                   4 kB
Pss:                   4 kB
Shared_Clean:          0 kB
Shared_Dirty:          0 kB
Private_Clean:         4 kB
Private_Dirty:         0 kB
Referenced:            0 kB
Swap:                  0 kB
KernelPageSize:        4 kB
MMUPageSize:           4 kB
001ce000-001cf000 rw-p 00003000 fc:01 1756926    /usr/lib/libxcb-render-util.so.0.0.0
Size:                  4 kB
Rss:                   0 kB
Pss:                   0 kB
Shared_Clean:          0 kB
Shared_Dirty:          0 kB
Private_Clean:         0 kB
Private_Dirty:         0 kB
Referenced:            0 kB
Swap:                  4 kB
KernelPageSize:        4 kB
MMUPageSize:           4 kB
001cf000-001d1000 r-xp 00000000 fc:01 5423124    /home/wiper/eclipse/configuration/org.eclipse.osgi/bundles/310/1/.cp/os/linux/x86/liblocalfile_1_0_0.so
Size:                  8 kB
Rss:                   8 kB
Pss:                   8 kB
Shared_Clean:          0 kB
Shared_Dirty:          0 kB
Private_Clean:         8 kB
Private_Dirty:         0 kB
Referenced:            8 kB
Swap:                  0 kB
KernelPageSize:        4 kB
MMUPageSize:           4 kB
001d1000-001d2000 rw-p 00001000 fc:01 5423124    /home/wiper/eclipse/configuration/org.eclipse.osgi/bundles/310/1/.cp/os/linux/x86/liblocalfile_1_0_0.so
Size:                  4 kB
Rss:                   4 kB
Pss:                   4 kB
Shared_Clean:          0 kB
Shared_Dirty:          0 kB
Private_Clean:         4 kB
Private_Dirty:         0 kB
Referenced:            4 kB
Swap:                  0 kB
KernelPageSize:        4 kB
MMUPageSize:           4 kB
001d2000-001d5000 r-xp 00000000 fc:01 1755913    /usr/lib/libgmodule-2.0.so.0.2200.3
Size:                 12 kB
Rss:                   0 kB
Pss:                   0 kB
Shared_Clean:          0 kB
Shared_Dirty:          0 kB
Private_Clean:         0 kB
Private_Dirty:         0 kB
Referenced:            0 kB
Swap:                  0 kB
KernelPageSize:        4 kB
MMUPageSize:           4 kB
001d5000-001d6000 r--p 00002000 fc:01 1755913    /usr/lib/libgmodule-2.0.so.0.2200.3
Size:                  4 kB
Rss:                   4 kB
Pss:                   4 kB
Shared_Clean:          0 kB
Shared_Dirty:          0 kB
Private_Clean:         4 kB
Private_Dirty:         0 kB
Referenced:            0 kB
Swap:                  0 kB
KernelPageSize:        4 kB
MMUPageSize:           4 kB
001d6000-001d7000 rw-p 00003000 fc:01 1755913    /usr/lib/libgmodule-2.0.so.0.2200.3
Size:                  4 kB
Rss:                   0 kB
Pss:                   0 kB
Shared_Clean:          0 kB
Shared_Dirty:          0 kB
Private_Clean:         0 kB
Private_Dirty:         0 kB
Referenced:            0 kB
Swap:                  4 kB
KernelPageSize:        4 kB
MMUPageSize:           4 kB
001d7000-001fb000 r-xp 00000000 fc:01 5661339    /lib/tls/i686/cmov/libm-2.10.1.so
Size:                144 kB
Rss:                  44 kB
Pss:                   1 kB
Shared_Clean:         44 kB
Shared_Dirty:          0 kB
Private_Clean:         0 kB
Private_Dirty:         0 kB
Referenced:           44 kB
Swap:                  0 kB
KernelPageSize:        4 kB
MMUPageSize:           4 kB
001fb000-001fc000 r--p 00023000 fc:01 5661339    /lib/tls/i686/cmov/libm-2.10.1.so
Size:                  4 kB
Rss:                   4 kB
Pss:                   4 kB
Shared_Clean:          0 kB
Shared_Dirty:          0 kB
Private_Clean:         4 kB
Private_Dirty:         0 kB
Referenced:            4 kB
Swap:                  0 kB
KernelPageSize:        4 kB
MMUPageSize:           4 kB
001fc000-001fd000 rw-p 00024000 fc:01 5661339    /lib/tls/i686/cmov/libm-2.10.1.so
Size:                  4 kB
Rss:                   4 kB
Pss:                   4 kB
Shared_Clean:          0 kB
Shared_Dirty:          0 kB
Private_Clean:         4 kB
Private_Dirty:         0 kB
Referenced:            4 kB
Swap:                  0 kB
KernelPageSize:        4 kB
MMUPageSize:           4 kB
001fd000-00215000 r-xp 00000000 fc:01 1753700    /usr/lib/libgdk_pixbuf-2.0.so.0.1800.3
Size:                 96 kB
Rss:                  32 kB
Pss:                   3 kB
Shared_Clean:         32 kB
Shared_Dirty:          0 kB
Private_Clean:         0 kB
Private_Dirty:         0 kB
Referenced:           32 kB
Swap:                  0 kB
KernelPageSize:        4 kB
MMUPageSize:           4 kB
00215000-00216000 r--p 00017000 fc:01 1753700    /usr/lib/libgdk_pixbuf-2.0.so.0.1800.3
Size:                  4 kB
Rss:                   4 kB
Pss:                   4 kB
Shared_Clean:          0 kB
Shared_Dirty:          0 kB
Private_Clean:         4 kB
Private_Dirty:         0 kB
Referenced:            4 kB
Swap:                  0 kB
KernelPageSize:        4 kB
MMUPageSize:           4 kB
00216000-00217000 rw-p 00018000 fc:01 1753700    /usr/lib/libgdk_pixbuf-2.0.so.0.1800.3
Size:                  4 kB
Rss:                   4 kB
Pss:                   4 kB
Shared_Clean:          0 kB
Shared_Dirty:          0 kB
Private_Clean:         0 kB
Private_Dirty:         4 kB
Referenced:            4 kB
Swap:                  0 kB
KernelPageSize:        4 kB
MMUPageSize:           4 kB
00217000-0022b000 r-xp 00000000 fc:01 5661391    /lib/libz.so.1.2.3.3
Size:                 80 kB
Rss:                  44 kB
Pss:                   3 kB
Shared_Clean:         44 kB
Shared_Dirty:          0 kB
Private_Clean:         0 kB
Private_Dirty:         0 kB
Referenced:           44 kB
Swap:                  0 kB
KernelPageSize:        4 kB
MMUPageSize:           4 kB
0022b000-0022c000 r--p 00013000 fc:01 5661391    /lib/libz.so.1.2.3.3
Size:                  4 kB
Rss:                   4 kB
Pss:                   4 kB
Shared_Clean:          0 kB
Shared_Dirty:          0 kB
Private_Clean:         4 kB
Private_Dirty:         0 kB
Referenced:            0 kB
Swap:                  0 kB
KernelPageSize:        4 kB
MMUPageSize:           4 kB
0022c000-0022d000 rw-p 00014000 fc:01 5661391    /lib/libz.so.1.2.3.3
Size:                  4 kB
Rss:                   4 kB
Pss:                   4 kB
Shared_Clean:          0 kB
Shared_Dirty:          0 kB
Private_Clean:         4 kB
Private_Dirty:         0 kB
Referenced:            0 kB
Swap:                  0 kB
KernelPageSize:        4 kB
MMUPageSize:           4 kB
0022d000-00235000 r-xp 00000000 fc:01 1756098    /usr/lib/libfusion-1.2.so.0.7.0
Size:                 32 kB
Rss:                   0 kB
Pss:                   0 kB
Shared_Clean:          0 kB
Shared_Dirty:          0 kB
Private_Clean:         0 kB
Private_Dirty:         0 kB
Referenced:            0 kB
Swap:                  0 kB
KernelPageSize:        4 kB
MMUPageSize:           4 kB
00235000-00236000 r--p 00007000 fc:01 1756098    /usr/lib/libfusion-1.2.so.0.7.0
Size:                  4 kB
Rss:                   4 kB
Pss:                   4 kB
Shared_Clean:          0 kB
Shared_Dirty:          0 kB
Private_Clean:         4 kB
Private_Dirty:         0 kB
Referenced:            0 kB
Swap:                  0 kB
KernelPageSize:        4 kB
MMUPageSize:           4 kB
00236000-00237000 rw-p 00008000 fc:01 1756098    /usr/lib/libfusion-1.2.so.0.7.0
Size:                  4 kB
Rss:                   0 kB
Pss:                   0 kB
Shared_Clean:          0 kB
Shared_Dirty:          0 kB
Private_Clean:         0 kB
Private_Dirty:         0 kB
Referenced:            0 kB
Swap:                  4 kB
KernelPageSize:        4 kB
MMUPageSize:           4 kB
00237000-00238000 r-xp 00000000 fc:01 2410710    /usr/lib/gtk-2.0/2.10.0/loaders/svg_loader.so
Size:                  4 kB
Rss:                   0 kB
Pss:                   0 kB
Shared_Clean:          0 kB
Shared_Dirty:          0 kB
Private_Clean:         0 kB
Private_Dirty:         0 kB
Referenced:            0 kB
Swap:                  0 kB
KernelPageSize:        4 kB
MMUPageSize:           4 kB
00238000-00239000 r--p 00001000 fc:01 2410710    /usr/lib/gtk-2.0/2.10.0/loaders/svg_loader.so
Size:                  4 kB
Rss:                   0 kB
Pss:                   0 kB
Shared_Clean:          0 kB
Shared_Dirty:          0 kB
Private_Clean:         0 kB
Private_Dirty:         0 kB
Referenced:            0 kB
Swap:                  4 kB
KernelPageSize:        4 kB
MMUPageSize:           4 kB
00239000-0023a000 rw-p 00002000 fc:01 2410710    /usr/lib/gtk-2.0/2.10.0/loaders/svg_loader.so
Size:                  4 kB
Rss:                   0 kB
Pss:                   0 kB
Shared_Clean:          0 kB
Shared_Dirty:          0 kB
Private_Clean:         0 kB
Private_Dirty:         0 kB
Referenced:            0 kB
Swap:                  4 kB
KernelPageSize:        4 kB
MMUPageSize:           4 kB
0023a000-00245000 r-xp 00000000 fc:01 1757505    /usr/lib/libpangocairo-1.0.so.0.2600.0
Size:                 44 kB
Rss:                  24 kB
Pss:                   2 kB
Shared_Clean:         24 kB
Shared_Dirty:          0 kB
Private_Clean:         0 kB
Private_Dirty:         0 kB
Referenced:           24 kB
Swap:                  0 kB
KernelPageSize:        4 kB
MMUPageSize:           4 kB
00245000-00246000 r--p 0000a000 fc:01 1757505    /usr/lib/libpangocairo-1.0.so.0.2600.0
Size:                  4 kB
Rss:                   4 kB
Pss:                   4 kB
Shared_Clean:          0 kB
Shared_Dirty:          0 kB
Private_Clean:         4 kB
Private_Dirty:         0 kB
Referenced:            4 kB
Swap:                  0 kB
KernelPageSize:        4 kB
MMUPageSize:           4 kB
00246000-00247000 rw-p 0000b000 fc:01 1757505    /usr/lib/libpangocairo-1.0.so.0.2600.0
Size:                  4 kB
Rss:                   4 kB
Pss:                   4 kB
Shared_Clean:          0 kB
Shared_Dirty:          0 kB
Private_Clean:         0 kB
Private_Dirty:         4 kB
Referenced:            4 kB
Swap:                  0 kB
KernelPageSize:        4 kB
MMUPageSize:           4 kB
00247000-002c1000 r-xp 00000000 fc:01 1756211    /usr/lib/libfreetype.so.6.3.20
Size:                488 kB
Rss:                   0 kB
Pss:                   0 kB
Shared_Clean:          0 kB
Shared_Dirty:          0 kB
Private_Clean:         0 kB
Private_Dirty:         0 kB
Referenced:            0 kB
Swap:                  0 kB
KernelPageSize:        4 kB
MMUPageSize:           4 kB
002c1000-002c5000 r--p 00079000 fc:01 1756211    /usr/lib/libfreetype.so.6.3.20
Size:                 16 kB
Rss:                   4 kB
Pss:                   4 kB
Shared_Clean:          0 kB
Shared_Dirty:          0 kB
Private_Clean:         4 kB
Private_Dirty:         0 kB
Referenced:            0 kB
Swap:                 12 kB
KernelPageSize:        4 kB
MMUPageSize:           4 kB
002c5000-002c6000 rw-p 0007d000 fc:01 1756211    /usr/lib/libfreetype.so.6.3.20
Size:                  4 kB
Rss:                   4 kB
Pss:                   4 kB
Shared_Clean:          0 kB
Shared_Dirty:          0 kB
Private_Clean:         4 kB
Private_Dirty:         0 kB
Referenced:            0 kB
Swap:                  0 kB
KernelPageSize:        4 kB
MMUPageSize:           4 kB
002c6000-002d6000 r-xp 00000000 fc:01 5661395    /lib/tls/i686/cmov/libresolv-2.10.1.so
Size:                 64 kB
Rss:                   0 kB
Pss:                   0 kB
Shared_Clean:          0 kB
Shared_Dirty:          0 kB
Private_Clean:         0 kB
Private_Dirty:         0 kB
Referenced:            0 kB
Swap:                  0 kB
KernelPageSize:        4 kB
MMUPageSize:           4 kB
002d6000-002d7000 r--p 00010000 fc:01 5661395    /lib/tls/i686/cmov/libresolv-2.10.1.so
Size:                  4 kB
Rss:                   4 kB
Pss:                   4 kB
Shared_Clean:          0 kB
Shared_Dirty:          0 kB
Private_Clean:         4 kB
Private_Dirty:         0 kB
Referenced:            0 kB
Swap:                  0 kB
KernelPageSize:        4 kB
MMUPageSize:           4 kB
002d7000-002d8000 rw-p 00011000 fc:01 5661395    /lib/tls/i686/cmov/libresolv-2.10.1.so
Size:                  4 kB
Rss:                   0 kB
Pss:                   0 kB
Shared_Clean:          0 kB
Shared_Dirty:          0 kB
Private_Clean:         0 kB
Private_Dirty:         0 kB
Referenced:            0 kB
Swap:                  4 kB
KernelPageSize:        4 kB
MMUPageSize:           4 kB
002d8000-002da000 rw-p 00000000 00:00 0 
Size:                  8 kB
Rss:                   0 kB
Pss:                   0 kB
Shared_Clean:          0 kB
Shared_Dirty:          0 kB
Private_Clean:         0 kB
Private_Dirty:         0 kB
Referenced:            0 kB
Swap:                  0 kB
KernelPageSize:        4 kB
MMUPageSize:           4 kB
002da000-002f3000 r-xp 00000000 fc:01 5661333    /lib/libselinux.so.1
Size:                100 kB
Rss:                   0 kB
Pss:                   0 kB
Shared_Clean:          0 kB
Shared_Dirty:          0 kB
Private_Clean:         0 kB
Private_Dirty:         0 kB
Referenced:            0 kB
Swap:                  0 kB
KernelPageSize:        4 kB
MMUPageSize:           4 kB
002f3000-002f4000 r--p 00018000 fc:01 5661333    /lib/libselinux.so.1
Size:                  4 kB
Rss:                   4 kB
Pss:                   4 kB
Shared_Clean:          0 kB
Shared_Dirty:          0 kB
Private_Clean:         4 kB
Private_Dirty:         0 kB
Referenced:            0 kB
Swap:                  0 kB
KernelPageSize:        4 kB
MMUPageSize:           4 kB
002f4000-002f5000 rw-p 00019000 fc:01 5661333    /lib/libselinux.so.1
Size:                  4 kB
Rss:                   0 kB
Pss:                   0 kB
Shared_Clean:          0 kB
Shared_Dirty:          0 kB
Private_Clean:         0 kB
Private_Dirty:         0 kB
Referenced:            0 kB
Swap:                  4 kB
KernelPageSize:        4 kB
MMUPageSize:           4 kB
002f5000-00319000 r-xp 00000000 fc:01 5660691    /lib/libexpat.so.1.5.2
Size:                144 kB
Rss:                   0 kB
Pss:                   0 kB
Shared_Clean:          0 kB
Shared_Dirty:          0 kB
Private_Clean:         0 kB
Private_Dirty:         0 kB
Referenced:            0 kB
Swap:                  0 kB
KernelPageSize:        4 kB
MMUPageSize:           4 kB
00319000-0031b000 r--p 00024000 fc:01 5660691    /lib/libexpat.so.1.5.2
Size:                  8 kB
Rss:                   4 kB
Pss:                   4 kB
Shared_Clean:          0 kB
Shared_Dirty:          0 kB
Private_Clean:         4 kB
Private_Dirty:         0 kB
Referenced:            0 kB
Swap:                  4 kB
KernelPageSize:        4 kB
MMUPageSize:           4 kB
0031b000-0031c000 rw-p 00026000 fc:01 5660691    /lib/libexpat.so.1.5.2
Size:                  4 kB
Rss:                   0 kB
Pss:                   0 kB
Shared_Clean:          0 kB
Shared_Dirty:          0 kB
Private_Clean:         0 kB
Private_Dirty:         0 kB
Referenced:            0 kB
Swap:                  4 kB
KernelPageSize:        4 kB
MMUPageSize:           4 kB
0031c000-00332000 r-xp 00000000 fc:01 1757519    /usr/lib/libdirect-1.2.so.0.7.0
Size:                 88 kB
Rss:                   0 kB
Pss:                   0 kB
Shared_Clean:          0 kB
Shared_Dirty:          0 kB
Private_Clean:         0 kB
Private_Dirty:         0 kB
Referenced:            0 kB
Swap:                  0 kB
KernelPageSize:        4 kB
MMUPageSize:           4 kB
00332000-00333000 r--p 00015000 fc:01 1757519    /usr/lib/libdirect-1.2.so.0.7.0
Size:                  4 kB
Rss:                   4 kB
Pss:                   4 kB
Shared_Clean:          0 kB
Shared_Dirty:          0 kB
Private_Clean:         4 kB
Private_Dirty:         0 kB
Referenced:            0 kB
Swap:                  0 kB
KernelPageSize:        4 kB
MMUPageSize:           4 kB
00333000-00334000 rw-p 00016000 fc:01 1757519    /usr/lib/libdirect-1.2.so.0.7.0
Size:                  4 kB
Rss:                   0 kB
Pss:                   0 kB
Shared_Clean:          0 kB
Shared_Dirty:          0 kB
Private_Clean:         0 kB
Private_Dirty:         0 kB
Referenced:            0 kB
Swap:                  4 kB
KernelPageSize:        4 kB
MMUPageSize:           4 kB
00334000-0033b000 r-xp 00000000 fc:01 1756894    /usr/lib/libxcb-render.so.0.0.0
Size:                 28 kB
Rss:                   0 kB
Pss:                   0 kB
Shared_Clean:          0 kB
Shared_Dirty:          0 kB
Private_Clean:         0 kB
Private_Dirty:         0 kB
Referenced:            0 kB
Swap:                  0 kB
KernelPageSize:        4 kB
MMUPageSize:           4 kB
0033b000-0033c000 r--p 00007000 fc:01 1756894    /usr/lib/libxcb-render.so.0.0.0
Size:                  4 kB
Rss:                   4 kB
Pss:                   4 kB
Shared_Clean:          0 kB
Shared_Dirty:          0 kB
Private_Clean:         4 kB
Private_Dirty:         0 kB
Referenced:            0 kB
Swap:                  0 kB
KernelPageSize:        4 kB
MMUPageSize:           4 kB
0033c000-0033d000 rw-p 00008000 fc:01 1756894    /usr/lib/libxcb-render.so.0.0.0
Size:                  4 kB
Rss:                   0 kB
Pss:                   0 kB
Shared_Clean:          0 kB
Shared_Dirty:          0 kB
Private_Clean:         0 kB
Private_Dirty:         0 kB
Referenced:            0 kB
Swap:                  4 kB
KernelPageSize:        4 kB
MMUPageSize:           4 kB
0033d000-00341000 r-xp 00000000 fc:01 1756521    /usr/lib/libXdmcp.so.6.0.0
Size:                 16 kB
Rss:                   0 kB
Pss:                   0 kB
Shared_Clean:          0 kB
Shared_Dirty:          0 kB
Private_Clean:         0 kB
Private_Dirty:         0 kB
Referenced:            0 kB
Swap:                  0 kB
KernelPageSize:        4 kB
MMUPageSize:           4 kB
00341000-00342000 rw-p 00003000 fc:01 1756521    /usr/lib/libXdmcp.so.6.0.0
Size:                  4 kB
Rss:                   4 kB
Pss:                   4 kB
Shared_Clean:          0 kB
Shared_Dirty:          0 kB
Private_Clean:         4 kB
Private_Dirty:         0 kB
Referenced:            0 kB
Swap:                  0 kB
KernelPageSize:        4 kB
MMUPageSize:           4 kB
00342000-00348000 r-xp 00000000 fc:01 5661343    /lib/tls/i686/cmov/libnss_compat-2.10.1.so
Size:                 24 kB
Rss:                   0 kB
Pss:                   0 kB
Shared_Clean:          0 kB
Shared_Dirty:          0 kB
Private_Clean:         0 kB
Private_Dirty:         0 kB
Referenced:            0 kB
Swap:                  0 kB
KernelPageSize:        4 kB
MMUPageSize:           4 kB
00348000-00349000 r--p 00005000 fc:01 5661343    /lib/tls/i686/cmov/libnss_compat-2.10.1.so
Size:                  4 kB
Rss:                   0 kB
Pss:                   0 kB
Shared_Clean:          0 kB
Shared_Dirty:          0 kB
Private_Clean:         0 kB
Private_Dirty:         0 kB
Referenced:            0 kB
Swap:                  4 kB
KernelPageSize:        4 kB
MMUPageSize:           4 kB
00349000-0034a000 rw-p 00006000 fc:01 5661343    /lib/tls/i686/cmov/libnss_compat-2.10.1.so
Size:                  4 kB
Rss:                   0 kB
Pss:                   0 kB
Shared_Clean:          0 kB
Shared_Dirty:          0 kB
Private_Clean:         0 kB
Private_Dirty:         0 kB
Referenced:            0 kB
Swap:                  4 kB
KernelPageSize:        4 kB
MMUPageSize:           4 kB
0034a000-00353000 r-xp 00000000 fc:01 5661363    /lib/tls/i686/cmov/libnss_nis-2.10.1.so
Size:                 36 kB
Rss:                   0 kB
Pss:                   0 kB
Shared_Clean:          0 kB
Shared_Dirty:          0 kB
Private_Clean:         0 kB
Private_Dirty:         0 kB
Referenced:            0 kB
Swap:                  0 kB
KernelPageSize:        4 kB
MMUPageSize:           4 kB
00353000-00354000 r--p 00008000 fc:01 5661363    /lib/tls/i686/cmov/libnss_nis-2.10.1.so
Size:                  4 kB
Rss:                   0 kB
Pss:                   0 kB
Shared_Clean:          0 kB
Shared_Dirty:          0 kB
Private_Clean:         0 kB
Private_Dirty:         0 kB
Referenced:            0 kB
Swap:                  4 kB
KernelPageSize:        4 kB
MMUPageSize:           4 kB
00354000-00355000 rw-p 00009000 fc:01 5661363    /lib/tls/i686/cmov/libnss_nis-2.10.1.so
Size:                  4 kB
Rss:                   0 kB
Pss:                   0 kB
Shared_Clean:          0 kB
Shared_Dirty:          0 kB
Private_Clean:         0 kB
Private_Dirty:         0 kB
Referenced:            0 kB
Swap:                  4 kB
KernelPageSize:        4 kB
MMUPageSize:           4 kB
00355000-00356000 r--p 00000000 00:00 0 
Size:                  4 kB
Rss:                   0 kB
Pss:                   0 kB
Shared_Clean:          0 kB
Shared_Dirty:          0 kB
Private_Clean:         0 kB
Private_Dirty:         0 kB
Referenced:            0 kB
Swap:                  0 kB
KernelPageSize:        4 kB
MMUPageSize:           4 kB
00357000-0040c000 r-xp 00000000 fc:01 5661417    /lib/libglib-2.0.so.0.2200.3
Size:                724 kB
Rss:                 276 kB
Pss:                  18 kB
Shared_Clean:        272 kB
Shared_Dirty:          0 kB
Private_Clean:         4 kB
Private_Dirty:         0 kB
Referenced:          276 kB
Swap:                  0 kB
KernelPageSize:        4 kB
MMUPageSize:           4 kB
0040c000-0040d000 r--p 000b4000 fc:01 5661417    /lib/libglib-2.0.so.0.2200.3
Size:                  4 kB
Rss:                   4 kB
Pss:                   4 kB
Shared_Clean:          0 kB
Shared_Dirty:          0 kB
Private_Clean:         4 kB
Private_Dirty:         0 kB
Referenced:            4 kB
Swap:                  0 kB
KernelPageSize:        4 kB
MMUPageSize:           4 kB
0040d000-0040e000 rw-p 000b5000 fc:01 5661417    /lib/libglib-2.0.so.0.2200.3
Size:                  4 kB
Rss:                   4 kB
Pss:                   4 kB
Shared_Clean:          0 kB
Shared_Dirty:          0 kB
Private_Clean:         0 kB
Private_Dirty:         4 kB
Referenced:            4 kB
Swap:                  0 kB
KernelPageSize:        4 kB
MMUPageSize:           4 kB
0040e000-004a1000 r-xp 00000000 fc:01 1756166    /usr/lib/libgio-2.0.so.0.2200.3
Size:                588 kB
Rss:                  28 kB
Pss:                   1 kB
Shared_Clean:         28 kB
Shared_Dirty:          0 kB
Private_Clean:         0 kB
Private_Dirty:         0 kB
Referenced:           28 kB
Swap:                  0 kB
KernelPageSize:        4 kB
MMUPageSize:           4 kB
004a1000-004a2000 r--p 00092000 fc:01 1756166    /usr/lib/libgio-2.0.so.0.2200.3
Size:                  4 kB
Rss:                   4 kB
Pss:                   4 kB
Shared_Clean:          0 kB
Shared_Dirty:          0 kB
Private_Clean:         4 kB
Private_Dirty:         0 kB
Referenced:            4 kB
Swap:                  0 kB
KernelPageSize:        4 kB
MMUPageSize:           4 kB
004a2000-004a3000 rw-p 00093000 fc:01 1756166    /usr/lib/libgio-2.0.so.0.2200.3
Size:                  4 kB
Rss:                   4 kB
Pss:                   4 kB
Shared_Clean:          0 kB
Shared_Dirty:          0 kB
Private_Clean:         4 kB
Private_Dirty:         0 kB
Referenced:            4 kB
Swap:                  0 kB
KernelPageSize:        4 kB
MMUPageSize:           4 kB
004a3000-004a4000 rw-p 00000000 00:00 0 
Size:                  4 kB
Rss:                   4 kB
Pss:                   4 kB
Shared_Clean:          0 kB
Shared_Dirty:          0 kB
Private_Clean:         0 kB
Private_Dirty:         4 kB
Referenced:            4 kB
Swap:                  0 kB
KernelPageSize:        4 kB
MMUPageSize:           4 kB
004a4000-004a7000 r-xp 00000000 fc:01 1756606    /usr/lib/libcanberra-gtk.so.0.1.1
Size:                 12 kB
Rss:                   0 kB
Pss:                   0 kB
Shared_Clean:          0 kB
Shared_Dirty:          0 kB
Private_Clean:         0 kB
Private_Dirty:         0 kB
Referenced:            0 kB
Swap:                  0 kB
KernelPageSize:        4 kB
MMUPageSize:           4 kB
004a7000-004a8000 r--p 00002000 fc:01 1756606    /usr/lib/libcanberra-gtk.so.0.1.1
Size:                  4 kB
Rss:                   0 kB
Pss:                   0 kB
Shared_Clean:          0 kB
Shared_Dirty:          0 kB
Private_Clean:         0 kB
Private_Dirty:         0 kB
Referenced:            0 kB
Swap:                  4 kB
KernelPageSize:        4 kB
MMUPageSize:           4 kB
004a8000-004a9000 rw-p 00003000 fc:01 1756606    /usr/lib/libcanberra-gtk.so.0.1.1
Size:                  4 kB
Rss:                   0 kB
Pss:                   0 kB
Shared_Clean:          0 kB
Shared_Dirty:          0 kB
Private_Clean:         0 kB
Private_Dirty:         0 kB
Referenced:            0 kB
Swap:                  4 kB
KernelPageSize:        4 kB
MMUPageSize:           4 kB
004a9000-004b2000 r-xp 00000000 fc:01 1757209    /usr/lib/libXcursor.so.1.0.2
Size:                 36 kB
Rss:                  12 kB
Pss:                   0 kB
Shared_Clean:         12 kB
Shared_Dirty:          0 kB
Private_Clean:         0 kB
Private_Dirty:         0 kB
Referenced:           12 kB
Swap:                  0 kB
KernelPageSize:        4 kB
MMUPageSize:           4 kB
004b2000-004b3000 r--p 00008000 fc:01 1757209    /usr/lib/libXcursor.so.1.0.2
Size:                  4 kB
Rss:                   4 kB
Pss:                   4 kB
Shared_Clean:          0 kB
Shared_Dirty:          0 kB
Private_Clean:         4 kB
Private_Dirty:         0 kB
Referenced:            4 kB
Swap:                  0 kB
KernelPageSize:        4 kB
MMUPageSize:           4 kB
004b3000-004b4000 rw-p 00009000 fc:01 1757209    /usr/lib/libXcursor.so.1.0.2
Size:                  4 kB
Rss:                   4 kB
Pss:                   4 kB
Shared_Clean:          0 kB
Shared_Dirty:          0 kB
Private_Clean:         4 kB
Private_Dirty:         0 kB
Referenced:            4 kB
Swap:                  0 kB
KernelPageSize:        4 kB
MMUPageSize:           4 kB
004b4000-004d7000 r-xp 00000000 fc:01 1753799    /usr/lib/libpng12.so.0.37.0
Size:                140 kB
Rss:                   0 kB
Pss:                   0 kB
Shared_Clean:          0 kB
Shared_Dirty:          0 kB
Private_Clean:         0 kB
Private_Dirty:         0 kB
Referenced:            0 kB
Swap:                  0 kB
KernelPageSize:        4 kB
MMUPageSize:           4 kB
004d7000-004d8000 r--p 00022000 fc:01 1753799    /usr/lib/libpng12.so.0.37.0
Size:                  4 kB
Rss:                   4 kB
Pss:                   4 kB
Shared_Clean:          0 kB
Shared_Dirty:          0 kB
Private_Clean:         4 kB
Private_Dirty:         0 kB
Referenced:            0 kB
Swap:                  0 kB
KernelPageSize:        4 kB
MMUPageSize:           4 kB
004d8000-004d9000 rw-p 00023000 fc:01 1753799    /usr/lib/libpng12.so.0.37.0
Size:                  4 kB
Rss:                   0 kB
Pss:                   0 kB
Shared_Clean:          0 kB
Shared_Dirty:          0 kB
Private_Clean:         0 kB
Private_Dirty:         0 kB
Referenced:            0 kB
Swap:                  4 kB
KernelPageSize:        4 kB
MMUPageSize:           4 kB
004d9000-004e3000 r-xp 00000000 fc:01 5661361    /lib/tls/i686/cmov/libnss_files-2.10.1.so
Size:                 40 kB
Rss:                   0 kB
Pss:                   0 kB
Shared_Clean:          0 kB
Shared_Dirty:          0 kB
Private_Clean:         0 kB
Private_Dirty:         0 kB
Referenced:            0 kB
Swap:                  0 kB
KernelPageSize:        4 kB
MMUPageSize:           4 kB
004e3000-004e4000 r--p 00009000 fc:01 5661361    /lib/tls/i686/cmov/libnss_files-2.10.1.so
Size:                  4 kB
Rss:                   0 kB
Pss:                   0 kB
Shared_Clean:          0 kB
Shared_Dirty:          0 kB
Private_Clean:         0 kB
Private_Dirty:         0 kB
Referenced:            0 kB
Swap:                  4 kB
KernelPageSize:        4 kB
MMUPageSize:           4 kB
004e4000-004e5000 rw-p 0000a000 fc:01 5661361    /lib/tls/i686/cmov/libnss_files-2.10.1.so
Size:                  4 kB
Rss:                   0 kB
Pss:                   0 kB
Shared_Clean:          0 kB
Shared_Dirty:          0 kB
Private_Clean:         0 kB
Private_Dirty:         0 kB
Referenced:            0 kB
Swap:                  4 kB
KernelPageSize:        4 kB
MMUPageSize:           4 kB
004e8000-00513000 r-xp 00000000 fc:01 1756938    /usr/lib/libfontconfig.so.1.3.0
Size:                172 kB
Rss:                   0 kB
Pss:                   0 kB
Shared_Clean:          0 kB
Shared_Dirty:          0 kB
Private_Clean:         0 kB
Private_Dirty:         0 kB
Referenced:            0 kB
Swap:                  0 kB
KernelPageSize:        4 kB
MMUPageSize:           4 kB
00513000-00514000 r--p 0002a000 fc:01 1756938    /usr/lib/libfontconfig.so.1.3.0
Size:                  4 kB
Rss:                   4 kB
Pss:                   4 kB
Shared_Clean:          0 kB
Shared_Dirty:          0 kB
Private_Clean:         4 kB
Private_Dirty:         0 kB
Referenced:            0 kB
Swap:                  0 kB
KernelPageSize:        4 kB
MMUPageSize:           4 kB
00514000-00515000 rw-p 0002b000 fc:01 1756938    /usr/lib/libfontconfig.so.1.3.0
Size:                  4 kB
Rss:                   4 kB
Pss:                   4 kB
Shared_Clean:          0 kB
Shared_Dirty:          0 kB
Private_Clean:         4 kB
Private_Dirty:         0 kB
Referenced:            0 kB
Swap:                  0 kB
KernelPageSize:        4 kB
MMUPageSize:           4 kB
00515000-00531000 r-xp 00000000 fc:01 1756379    /usr/lib/libxcb.so.1.1.0
Size:                112 kB
Rss:                  16 kB
Pss:                   0 kB
Shared_Clean:         16 kB
Shared_Dirty:          0 kB
Private_Clean:         0 kB
Private_Dirty:         0 kB
Referenced:           16 kB
Swap:                  0 kB
KernelPageSize:        4 kB
MMUPageSize:           4 kB
00531000-00532000 r--p 0001c000 fc:01 1756379    /usr/lib/libxcb.so.1.1.0
Size:                  4 kB
Rss:                   4 kB
Pss:                   4 kB
Shared_Clean:          0 kB
Shared_Dirty:          0 kB
Private_Clean:         4 kB
Private_Dirty:         0 kB
Referenced:            0 kB
Swap:                  0 kB
KernelPageSize:        4 kB
MMUPageSize:           4 kB
00532000-00533000 rw-p 0001d000 fc:01 1756379    /usr/lib/libxcb.so.1.1.0
Size:                  4 kB
Rss:                   4 kB
Pss:                   4 kB
Shared_Clean:          0 kB
Shared_Dirty:          0 kB
Private_Clean:         0 kB
Private_Dirty:         4 kB
Referenced:            4 kB
Swap:                  0 kB
KernelPageSize:        4 kB
MMUPageSize:           4 kB
00533000-0054e000 r-xp 00000000 fc:01 1755297    /usr/lib/libatk-1.0.so.0.2809.1
Size:                108 kB
Rss:                  28 kB
Pss:                   4 kB
Shared_Clean:         28 kB
Shared_Dirty:          0 kB
Private_Clean:         0 kB
Private_Dirty:         0 kB
Referenced:           28 kB
Swap:                  0 kB
KernelPageSize:        4 kB
MMUPageSize:           4 kB
0054e000-0054f000 r--p 0001b000 fc:01 1755297    /usr/lib/libatk-1.0.so.0.2809.1
Size:                  4 kB
Rss:                   4 kB
Pss:                   4 kB
Shared_Clean:          0 kB
Shared_Dirty:          0 kB
Private_Clean:         4 kB
Private_Dirty:         0 kB
Referenced:            0 kB
Swap:                  0 kB
KernelPageSize:        4 kB
MMUPageSize:           4 kB
0054f000-00550000 rw-p 0001c000 fc:01 1755297    /usr/lib/libatk-1.0.so.0.2809.1
Size:                  4 kB
Rss:                   4 kB
Pss:                   4 kB
Shared_Clean:          0 kB
Shared_Dirty:          0 kB
Private_Clean:         4 kB
Private_Dirty:         0 kB
Referenced:            4 kB
Swap:                  0 kB
KernelPageSize:        4 kB
MMUPageSize:           4 kB
00550000-00563000 r-xp 00000000 fc:01 5661342    /lib/tls/i686/cmov/libnsl-2.10.1.so
Size:                 76 kB
Rss:                   0 kB
Pss:                   0 kB
Shared_Clean:          0 kB
Shared_Dirty:          0 kB
Private_Clean:         0 kB
Private_Dirty:         0 kB
Referenced:            0 kB
Swap:                  0 kB
KernelPageSize:        4 kB
MMUPageSize:           4 kB
00563000-00564000 r--p 00012000 fc:01 5661342    /lib/tls/i686/cmov/libnsl-2.10.1.so
Size:                  4 kB
Rss:                   0 kB
Pss:                   0 kB
Shared_Clean:          0 kB
Shared_Dirty:          0 kB
Private_Clean:         0 kB
Private_Dirty:         0 kB
Referenced:            0 kB
Swap:                  4 kB
KernelPageSize:        4 kB
MMUPageSize:           4 kB
00564000-00565000 rw-p 00013000 fc:01 5661342    /lib/tls/i686/cmov/libnsl-2.10.1.so
Size:                  4 kB
Rss:                   0 kB
Pss:                   0 kB
Shared_Clean:          0 kB
Shared_Dirty:          0 kB
Private_Clean:         0 kB
Private_Dirty:         0 kB
Referenced:            0 kB
Swap:                  4 kB
KernelPageSize:        4 kB
MMUPageSize:           4 kB
00565000-00567000 rw-p 00000000 00:00 0 
Size:                  8 kB
Rss:                   0 kB
Pss:                   0 kB
Shared_Clean:          0 kB
Shared_Dirty:          0 kB
Private_Clean:         0 kB
Private_Dirty:         0 kB
Referenced:            0 kB
Swap:                  0 kB
KernelPageSize:        4 kB
MMUPageSize:           4 kB
00567000-0056b000 r-xp 00000000 fc:01 1968340    /usr/lib/gtk-2.0/modules/libcanberra-gtk-module.so
Size:                 16 kB
Rss:                   4 kB
Pss:                   0 kB
Shared_Clean:          4 kB
Shared_Dirty:          0 kB
Private_Clean:         0 kB
Private_Dirty:         0 kB
Referenced:            4 kB
Swap:                  0 kB
KernelPageSize:        4 kB
MMUPageSize:           4 kB
0056b000-0056c000 r--p 00003000 fc:01 1968340    /usr/lib/gtk-2.0/modules/libcanberra-gtk-module.so
Size:                  4 kB
Rss:                   0 kB
Pss:                   0 kB
Shared_Clean:          0 kB
Shared_Dirty:          0 kB
Private_Clean:         0 kB
Private_Dirty:         0 kB
Referenced:            0 kB
Swap:                  4 kB
KernelPageSize:        4 kB
MMUPageSize:           4 kB
0056c000-0056d000 rw-p 00004000 fc:01 1968340    /usr/lib/gtk-2.0/modules/libcanberra-gtk-module.so
Size:                  4 kB
Rss:                   4 kB
Pss:                   4 kB
Shared_Clean:          0 kB
Shared_Dirty:          0 kB
Private_Clean:         4 kB
Private_Dirty:         0 kB
Referenced:            4 kB
Swap:                  0 kB
KernelPageSize:        4 kB
MMUPageSize:           4 kB
0056d000-00571000 r-xp 00000000 fc:01 1756053    /usr/lib/libgthread-2.0.so.0.2200.3
Size:                 16 kB
Rss:                  12 kB
Pss:                   0 kB
Shared_Clean:         12 kB
Shared_Dirty:          0 kB
Private_Clean:         0 kB
Private_Dirty:         0 kB
Referenced:           12 kB
Swap:                  0 kB
KernelPageSize:        4 kB
MMUPageSize:           4 kB
00571000-00572000 r--p 00003000 fc:01 1756053    /usr/lib/libgthread-2.0.so.0.2200.3
Size:                  4 kB
Rss:                   4 kB
Pss:                   4 kB
Shared_Clean:          0 kB
Shared_Dirty:          0 kB
Private_Clean:         4 kB
Private_Dirty:         0 kB
Referenced:            0 kB
Swap:                  0 kB
KernelPageSize:        4 kB
MMUPageSize:           4 kB
00572000-00573000 rw-p 00004000 fc:01 1756053    /usr/lib/libgthread-2.0.so.0.2200.3
Size:                  4 kB
Rss:                   4 kB
Pss:                   4 kB
Shared_Clean:          0 kB
Shared_Dirty:          0 kB
Private_Clean:         4 kB
Private_Dirty:         0 kB
Referenced:            4 kB
Swap:                  0 kB
KernelPageSize:        4 kB
MMUPageSize:           4 kB
00573000-00578000 r-xp 00000000 fc:01 1756603    /usr/lib/libogg.so.0.6.0
Size:                 20 kB
Rss:                   0 kB
Pss:                   0 kB
Shared_Clean:          0 kB
Shared_Dirty:          0 kB
Private_Clean:         0 kB
Private_Dirty:         0 kB
Referenced:            0 kB
Swap:                  0 kB
KernelPageSize:        4 kB
MMUPageSize:           4 kB
00578000-00579000 r--p 00004000 fc:01 1756603    /usr/lib/libogg.so.0.6.0
Size:                  4 kB
Rss:                   0 kB
Pss:                   0 kB
Shared_Clean:          0 kB
Shared_Dirty:          0 kB
Private_Clean:         0 kB
Private_Dirty:         0 kB
Referenced:            0 kB
Swap:                  4 kB
KernelPageSize:        4 kB
MMUPageSize:           4 kB
00579000-0057a000 rw-p 00005000 fc:01 1756603    /usr/lib/libogg.so.0.6.0
Size:                  4 kB
Rss:                   0 kB
Pss:                   0 kB
Shared_Clean:          0 kB
Shared_Dirty:          0 kB
Private_Clean:         0 kB
Private_Dirty:         0 kB
Referenced:            0 kB
Swap:                  4 kB
KernelPageSize:        4 kB
MMUPageSize:           4 kB
0057a000-0057c000 r-xp 00000000 fc:01 5660770    /lib/tls/i686/cmov/libdl-2.10.1.so
Size:                  8 kB
Rss:                   8 kB
Pss:                   0 kB
Shared_Clean:          8 kB
Shared_Dirty:          0 kB
Private_Clean:         0 kB
Private_Dirty:         0 kB
Referenced:            8 kB
Swap:                  0 kB
KernelPageSize:        4 kB
MMUPageSize:           4 kB
0057c000-0057d000 r--p 00001000 fc:01 5660770    /lib/tls/i686/cmov/libdl-2.10.1.so
Size:                  4 kB
Rss:                   4 kB
Pss:                   4 kB
Shared_Clean:          0 kB
Shared_Dirty:          0 kB
Private_Clean:         4 kB
Private_Dirty:         0 kB
Referenced:            0 kB
Swap:                  0 kB
KernelPageSize:        4 kB
MMUPageSize:           4 kB
0057d000-0057e000 rw-p 00002000 fc:01 5660770    /lib/tls/i686/cmov/libdl-2.10.1.so
Size:                  4 kB
Rss:                   4 kB
Pss:                   4 kB
Shared_Clean:          0 kB
Shared_Dirty:          0 kB
Private_Clean:         4 kB
Private_Dirty:         0 kB
Referenced:            0 kB
Swap:                  0 kB
KernelPageSize:        4 kB
MMUPageSize:           4 kB
0057e000-00585000 r-xp 00000000 fc:01 1756561    /usr/lib/libvorbisfile.so.3.2.0
Size:                 28 kB
Rss:                   0 kB
Pss:                   0 kB
Shared_Clean:          0 kB
Shared_Dirty:          0 kB
Private_Clean:         0 kB
Private_Dirty:         0 kB
Referenced:            0 kB
Swap:                  0 kB
KernelPageSize:        4 kB
MMUPageSize:           4 kB
00585000-00586000 r--p 00006000 fc:01 1756561    /usr/lib/libvorbisfile.so.3.2.0
Size:                  4 kB
Rss:                   0 kB
Pss:                   0 kB
Shared_Clean:          0 kB
Shared_Dirty:          0 kB
Private_Clean:         0 kB
Private_Dirty:         0 kB
Referenced:            0 kB
Swap:                  4 kB
KernelPageSize:        4 kB
MMUPageSize:           4 kB
00586000-00587000 rw-p 00007000 fc:01 1756561    /usr/lib/libvorbisfile.so.3.2.0
Size:                  4 kB
Rss:                   0 kB
Pss:                   0 kB
Shared_Clean:          0 kB
Shared_Dirty:          0 kB
Private_Clean:         0 kB
Private_Dirty:         0 kB
Referenced:            0 kB
Swap:                  4 kB
KernelPageSize:        4 kB
MMUPageSize:           4 kB
00587000-005a1000 r-xp 00000000 fc:01 1756176    /usr/lib/libvorbis.so.0.4.0
Size:                104 kB
Rss:                   0 kB
Pss:                   0 kB
Shared_Clean:          0 kB
Shared_Dirty:          0 kB
Private_Clean:         0 kB
Private_Dirty:         0 kB
Referenced:            0 kB
Swap:                  0 kB
KernelPageSize:        4 kB
MMUPageSize:           4 kB
005a1000-005a2000 r--p 00019000 fc:01 1756176    /usr/lib/libvorbis.so.0.4.0
Size:                  4 kB
Rss:                   0 kB
Pss:                   0 kB
Shared_Clean:          0 kB
Shared_Dirty:          0 kB
Private_Clean:         0 kB
Private_Dirty:         0 kB
Referenced:            0 kB
Swap:                  4 kB
KernelPageSize:        4 kB
MMUPageSize:           4 kB
005a2000-005b0000 rw-p 0001a000 fc:01 1756176    /usr/lib/libvorbis.so.0.4.0
Size:                 56 kB
Rss:                   0 kB
Pss:                   0 kB
Shared_Clean:          0 kB
Shared_Dirty:          0 kB
Private_Clean:         0 kB
Private_Dirty:         0 kB
Referenced:            0 kB
Swap:                  8 kB
KernelPageSize:        4 kB
MMUPageSize:           4 kB
005b0000-005bd000 r-xp 00000000 fc:01 1756919    /usr/lib/libtdb.so.1.1.5
Size:                 52 kB
Rss:                   0 kB
Pss:                   0 kB
Shared_Clean:          0 kB
Shared_Dirty:          0 kB
Private_Clean:         0 kB
Private_Dirty:         0 kB
Referenced:            0 kB
Swap:                  0 kB
KernelPageSize:        4 kB
MMUPageSize:           4 kB
005bd000-005be000 r--p 0000c000 fc:01 1756919    /usr/lib/libtdb.so.1.1.5
Size:                  4 kB
Rss:                   0 kB
Pss:                   0 kB
Shared_Clean:          0 kB
Shared_Dirty:          0 kB
Private_Clean:         0 kB
Private_Dirty:         0 kB
Referenced:            0 kB
Swap:                  4 kB
KernelPageSize:        4 kB
MMUPageSize:           4 kB
005be000-005bf000 rw-p 0000d000 fc:01 1756919    /usr/lib/libtdb.so.1.1.5
Size:                  4 kB
Rss:                   0 kB
Pss:                   0 kB
Shared_Clean:          0 kB
Shared_Dirty:          0 kB
Private_Clean:         0 kB
Private_Dirty:         0 kB
Referenced:            0 kB
Swap:                  4 kB
KernelPageSize:        4 kB
MMUPageSize:           4 kB
005bf000-005c7000 r-xp 00000000 fc:01 1756041    /usr/lib/libltdl.so.7.2.0
Size:                 32 kB
Rss:                   0 kB
Pss:                   0 kB
Shared_Clean:          0 kB
Shared_Dirty:          0 kB
Private_Clean:         0 kB
Private_Dirty:         0 kB
Referenced:            0 kB
Swap:                  0 kB
KernelPageSize:        4 kB
MMUPageSize:           4 kB
005c7000-005c8000 r--p 00007000 fc:01 1756041    /usr/lib/libltdl.so.7.2.0
Size:                  4 kB
Rss:                   0 kB
Pss:                   0 kB
Shared_Clean:          0 kB
Shared_Dirty:          0 kB
Private_Clean:         0 kB
Private_Dirty:         0 kB
Referenced:            0 kB
Swap:                  4 kB
KernelPageSize:        4 kB
MMUPageSize:           4 kB
005c8000-005c9000 rw-p 00008000 fc:01 1756041    /usr/lib/libltdl.so.7.2.0
Size:                  4 kB
Rss:                   0 kB
Pss:                   0 kB
Shared_Clean:          0 kB
Shared_Dirty:          0 kB
Private_Clean:         0 kB
Private_Dirty:         0 kB
Referenced:            0 kB
Swap:                  4 kB
KernelPageSize:        4 kB
MMUPageSize:           4 kB
005c9000-005cc000 r-xp 00000000 fc:01 2410690    /usr/lib/gtk-2.0/2.10.0/loaders/libpixbufloader-bmp.so
Size:                 12 kB
Rss:                   0 kB
Pss:                   0 kB
Shared_Clean:          0 kB
Shared_Dirty:          0 kB
Private_Clean:         0 kB
Private_Dirty:         0 kB
Referenced:            0 kB
Swap:                  0 kB
KernelPageSize:        4 kB
MMUPageSize:           4 kB
005cc000-005cd000 r--p 00002000 fc:01 2410690    /usr/lib/gtk-2.0/2.10.0/loaders/libpixbufloader-bmp.so
Size:                  4 kB
Rss:                   0 kB
Pss:                   0 kB
Shared_Clean:          0 kB
Shared_Dirty:          0 kB
Private_Clean:         0 kB
Private_Dirty:         0 kB
Referenced:            0 kB
Swap:                  4 kB
KernelPageSize:        4 kB
MMUPageSize:           4 kB
005cd000-005ce000 rw-p 00003000 fc:01 2410690    /usr/lib/gtk-2.0/2.10.0/loaders/libpixbufloader-bmp.so
Size:                  4 kB
Rss:                   0 kB
Pss:                   0 kB
Shared_Clean:          0 kB
Shared_Dirty:          0 kB
Private_Clean:         0 kB
Private_Dirty:         0 kB
Referenced:            0 kB
Swap:                  4 kB
KernelPageSize:        4 kB
MMUPageSize:           4 kB
005ce000-005d5000 r-xp 00000000 fc:01 2384205    /usr/lib/jvm/java-6-openjdk/jre/lib/i386/native_threads/libhpi.so
Size:                 28 kB
Rss:                  16 kB
Pss:                   8 kB
Shared_Clean:         16 kB
Shared_Dirty:          0 kB
Private_Clean:         0 kB
Private_Dirty:         0 kB
Referenced:           16 kB
Swap:                  0 kB
KernelPageSize:        4 kB
MMUPageSize:           4 kB
005d5000-005d6000 r--p 00006000 fc:01 2384205    /usr/lib/jvm/java-6-openjdk/jre/lib/i386/native_threads/libhpi.so
Size:                  4 kB
Rss:                   4 kB
Pss:                   4 kB
Shared_Clean:          0 kB
Shared_Dirty:          0 kB
Private_Clean:         4 kB
Private_Dirty:         0 kB
Referenced:            0 kB
Swap:                  0 kB
KernelPageSize:        4 kB
MMUPageSize:           4 kB
005d6000-005d7000 rw-p 00007000 fc:01 2384205    /usr/lib/jvm/java-6-openjdk/jre/lib/i386/native_threads/libhpi.so
Size:                  4 kB
Rss:                   4 kB
Pss:                   4 kB
Shared_Clean:          0 kB
Shared_Dirty:          0 kB
Private_Clean:         0 kB
Private_Dirty:         4 kB
Referenced:            4 kB
Swap:                  0 kB
KernelPageSize:        4 kB
MMUPageSize:           4 kB
005d8000-00716000 r-xp 00000000 fc:01 5660751    /lib/tls/i686/cmov/libc-2.10.1.so
Size:               1272 kB
Rss:                 356 kB
Pss:                   8 kB
Shared_Clean:        356 kB
Shared_Dirty:          0 kB
Private_Clean:         0 kB
Private_Dirty:         0 kB
Referenced:          356 kB
Swap:                  0 kB
KernelPageSize:        4 kB
MMUPageSize:           4 kB
00716000-00717000 ---p 0013e000 fc:01 5660751    /lib/tls/i686/cmov/libc-2.10.1.so
Size:                  4 kB
Rss:                   0 kB
Pss:                   0 kB
Shared_Clean:          0 kB
Shared_Dirty:          0 kB
Private_Clean:         0 kB
Private_Dirty:         0 kB
Referenced:            0 kB
Swap:                  0 kB
KernelPageSize:        4 kB
MMUPageSize:           4 kB
00717000-00719000 r--p 0013e000 fc:01 5660751    /lib/tls/i686/cmov/libc-2.10.1.so
Size:                  8 kB
Rss:                   8 kB
Pss:                   8 kB
Shared_Clean:          0 kB
Shared_Dirty:          0 kB
Private_Clean:         8 kB
Private_Dirty:         0 kB
Referenced:            8 kB
Swap:                  0 kB
KernelPageSize:        4 kB
MMUPageSize:           4 kB
00719000-0071a000 rw-p 00140000 fc:01 5660751    /lib/tls/i686/cmov/libc-2.10.1.so
Size:                  4 kB
Rss:                   4 kB
Pss:                   4 kB
Shared_Clean:          0 kB
Shared_Dirty:          0 kB
Private_Clean:         0 kB
Private_Dirty:         4 kB
Referenced:            4 kB
Swap:                  0 kB
KernelPageSize:        4 kB
MMUPageSize:           4 kB
0071a000-0071d000 rw-p 00000000 00:00 0 
Size:                 12 kB
Rss:                   8 kB
Pss:                   8 kB
Shared_Clean:          0 kB
Shared_Dirty:          0 kB
Private_Clean:         4 kB
Private_Dirty:         4 kB
Referenced:            8 kB
Swap:                  4 kB
KernelPageSize:        4 kB
MMUPageSize:           4 kB
0071d000-00729000 r-xp 00000000 fc:01 2384203    /usr/lib/jvm/java-6-openjdk/jre/lib/i386/libverify.so
Size:                 48 kB
Rss:                  12 kB
Pss:                   6 kB
Shared_Clean:         12 kB
Shared_Dirty:          0 kB
Private_Clean:         0 kB
Private_Dirty:         0 kB
Referenced:           12 kB
Swap:                  0 kB
KernelPageSize:        4 kB
MMUPageSize:           4 kB
00729000-0072a000 r--p 0000b000 fc:01 2384203    /usr/lib/jvm/java-6-openjdk/jre/lib/i386/libverify.so
Size:                  4 kB
Rss:                   4 kB
Pss:                   4 kB
Shared_Clean:          0 kB
Shared_Dirty:          0 kB
Private_Clean:         4 kB
Private_Dirty:         0 kB
Referenced:            0 kB
Swap:                  0 kB
KernelPageSize:        4 kB
MMUPageSize:           4 kB
0072a000-0072b000 rw-p 0000c000 fc:01 2384203    /usr/lib/jvm/java-6-openjdk/jre/lib/i386/libverify.so
Size:                  4 kB
Rss:                   4 kB
Pss:                   4 kB
Shared_Clean:          0 kB
Shared_Dirty:          0 kB
Private_Clean:         4 kB
Private_Dirty:         0 kB
Referenced:            4 kB
Swap:                  0 kB
KernelPageSize:        4 kB
MMUPageSize:           4 kB
0072b000-00732000 r-xp 00000000 fc:01 2384179    /usr/lib/jvm/java-6-openjdk/jre/lib/i386/libzip.so
Size:                 28 kB
Rss:                  16 kB
Pss:                   8 kB
Shared_Clean:         16 kB
Shared_Dirty:          0 kB
Private_Clean:         0 kB
Private_Dirty:         0 kB
Referenced:           16 kB
Swap:                  0 kB
KernelPageSize:        4 kB
MMUPageSize:           4 kB
00732000-00733000 r--p 00006000 fc:01 2384179    /usr/lib/jvm/java-6-openjdk/jre/lib/i386/libzip.so
Size:                  4 kB
Rss:                   0 kB
Pss:                   0 kB
Shared_Clean:          0 kB
Shared_Dirty:          0 kB
Private_Clean:         0 kB
Private_Dirty:         0 kB
Referenced:            0 kB
Swap:                  4 kB
KernelPageSize:        4 kB
MMUPageSize:           4 kB
00733000-00734000 rw-p 00007000 fc:01 2384179    /usr/lib/jvm/java-6-openjdk/jre/lib/i386/libzip.so
Size:                  4 kB
Rss:                   4 kB
Pss:                   4 kB
Shared_Clean:          0 kB
Shared_Dirty:          0 kB
Private_Clean:         4 kB
Private_Dirty:         0 kB
Referenced:            4 kB
Swap:                  0 kB
KernelPageSize:        4 kB
MMUPageSize:           4 kB
00734000-00740000 rwxp 00000000 00:00 0 
Size:                 48 kB
Rss:                   8 kB
Pss:                   8 kB
Shared_Clean:          0 kB
Shared_Dirty:          0 kB
Private_Clean:         8 kB
Private_Dirty:         0 kB
Referenced:            4 kB
Swap:                 32 kB
KernelPageSize:        4 kB
MMUPageSize:           4 kB
00740000-00742000 r-xp 00000000 fc:01 1757073    /usr/lib/libXcomposite.so.1.0.0
Size:                  8 kB
Rss:                   0 kB
Pss:                   0 kB
Shared_Clean:          0 kB
Shared_Dirty:          0 kB
Private_Clean:         0 kB
Private_Dirty:         0 kB
Referenced:            0 kB
Swap:                  0 kB
KernelPageSize:        4 kB
MMUPageSize:           4 kB
00742000-00743000 r--p 00001000 fc:01 1757073    /usr/lib/libXcomposite.so.1.0.0
Size:                  4 kB
Rss:                   4 kB
Pss:                   4 kB
Shared_Clean:          0 kB
Shared_Dirty:          0 kB
Private_Clean:         4 kB
Private_Dirty:         0 kB
Referenced:            0 kB
Swap:                  0 kB
KernelPageSize:        4 kB
MMUPageSize:           4 kB
00743000-00744000 rw-p 00002000 fc:01 1757073    /usr/lib/libXcomposite.so.1.0.0
Size:                  4 kB
Rss:                   0 kB
Pss:                   0 kB
Shared_Clean:          0 kB
Shared_Dirty:          0 kB
Private_Clean:         0 kB
Private_Dirty:         0 kB
Referenced:            0 kB
Swap:                  4 kB
KernelPageSize:        4 kB
MMUPageSize:           4 kB
00744000-0076e000 r-xp 00000000 fc:01 2410667    /usr/lib/gtk-2.0/2.10.0/engines/libclearlooks.so
Size:                168 kB
Rss:                  96 kB
Pss:                   8 kB
Shared_Clean:         96 kB
Shared_Dirty:          0 kB
Private_Clean:         0 kB
Private_Dirty:         0 kB
Referenced:           96 kB
Swap:                  0 kB
KernelPageSize:        4 kB
MMUPageSize:           4 kB
0076e000-0076f000 r--p 00029000 fc:01 2410667    /usr/lib/gtk-2.0/2.10.0/engines/libclearlooks.so
Size:                  4 kB
Rss:                   4 kB
Pss:                   4 kB
Shared_Clean:          0 kB
Shared_Dirty:          0 kB
Private_Clean:         4 kB
Private_Dirty:         0 kB
Referenced:            4 kB
Swap:                  0 kB
KernelPageSize:        4 kB
MMUPageSize:           4 kB
0076f000-00770000 rw-p 0002a000 fc:01 2410667    /usr/lib/gtk-2.0/2.10.0/engines/libclearlooks.so
Size:                  4 kB
Rss:                   4 kB
Pss:                   4 kB
Shared_Clean:          0 kB
Shared_Dirty:          0 kB
Private_Clean:         0 kB
Private_Dirty:         4 kB
Referenced:            4 kB
Swap:                  0 kB
KernelPageSize:        4 kB
MMUPageSize:           4 kB
00770000-00784000 r-xp 00000000 fc:01 2384207    /usr/lib/jvm/java-6-openjdk/jre/lib/i386/libnet.so
Size:                 80 kB
Rss:                  28 kB
Pss:                  14 kB
Shared_Clean:         28 kB
Shared_Dirty:          0 kB
Private_Clean:         0 kB
Private_Dirty:         0 kB
Referenced:           28 kB
Swap:                  0 kB
KernelPageSize:        4 kB
MMUPageSize:           4 kB
00784000-00785000 r--p 00013000 fc:01 2384207    /usr/lib/jvm/java-6-openjdk/jre/lib/i386/libnet.so
Size:                  4 kB
Rss:                   4 kB
Pss:                   4 kB
Shared_Clean:          0 kB
Shared_Dirty:          0 kB
Private_Clean:         4 kB
Private_Dirty:         0 kB
Referenced:            4 kB
Swap:                  0 kB
KernelPageSize:        4 kB
MMUPageSize:           4 kB
00785000-00786000 rw-p 00014000 fc:01 2384207    /usr/lib/jvm/java-6-openjdk/jre/lib/i386/libnet.so
Size:                  4 kB
Rss:                   4 kB
Pss:                   4 kB
Shared_Clean:          0 kB
Shared_Dirty:          0 kB
Private_Clean:         4 kB
Private_Dirty:         0 kB
Referenced:            4 kB
Swap:                  0 kB
KernelPageSize:        4 kB
MMUPageSize:           4 kB
00786000-0078d000 r-xp 00000000 fc:01 2384210    /usr/lib/jvm/java-6-openjdk/jre/lib/i386/libnio.so
Size:                 28 kB
Rss:                   0 kB
Pss:                   0 kB
Shared_Clean:          0 kB
Shared_Dirty:          0 kB
Private_Clean:         0 kB
Private_Dirty:         0 kB
Referenced:            0 kB
Swap:                  0 kB
KernelPageSize:        4 kB
MMUPageSize:           4 kB
0078d000-0078e000 r--p 00006000 fc:01 2384210    /usr/lib/jvm/java-6-openjdk/jre/lib/i386/libnio.so
Size:                  4 kB
Rss:                   0 kB
Pss:                   0 kB
Shared_Clean:          0 kB
Shared_Dirty:          0 kB
Private_Clean:         0 kB
Private_Dirty:         0 kB
Referenced:            0 kB
Swap:                  4 kB
KernelPageSize:        4 kB
MMUPageSize:           4 kB
0078e000-0078f000 rw-p 00007000 fc:01 2384210    /usr/lib/jvm/java-6-openjdk/jre/lib/i386/libnio.so
Size:                  4 kB
Rss:                   0 kB
Pss:                   0 kB
Shared_Clean:          0 kB
Shared_Dirty:          0 kB
Private_Clean:         0 kB
Private_Dirty:         0 kB
Referenced:            0 kB
Swap:                  4 kB
KernelPageSize:        4 kB
MMUPageSize:           4 kB
0078f000-00792000 r-xp 00000000 fc:01 5423115    /home/wiper/eclipse/configuration/org.eclipse.osgi/bundles/401/1/.cp/libswt-gtk-3557.so
Size:                 12 kB
Rss:                  12 kB
Pss:                  12 kB
Shared_Clean:          0 kB
Shared_Dirty:          0 kB
Private_Clean:        12 kB
Private_Dirty:         0 kB
Referenced:           12 kB
Swap:                  0 kB
KernelPageSize:        4 kB
MMUPageSize:           4 kB
00792000-00793000 rw-p 00002000 fc:01 5423115    /home/wiper/eclipse/configuration/org.eclipse.osgi/bundles/401/1/.cp/libswt-gtk-3557.so
Size:                  4 kB
Rss:                   4 kB
Pss:                   4 kB
Shared_Clean:          0 kB
Shared_Dirty:          0 kB
Private_Clean:         0 kB
Private_Dirty:         4 kB
Referenced:            4 kB
Swap:                  0 kB
KernelPageSize:        4 kB
MMUPageSize:           4 kB
00793000-00794000 rw-p 00000000 00:00 0 
Size:                  4 kB
Rss:                   0 kB
Pss:                   0 kB
Shared_Clean:          0 kB
Shared_Dirty:          0 kB
Private_Clean:         0 kB
Private_Dirty:         0 kB
Referenced:            0 kB
Swap:                  4 kB
KernelPageSize:        4 kB
MMUPageSize:           4 kB
00794000-00798000 r-xp 00000000 fc:01 1755738    /usr/lib/libXtst.so.6.1.0
Size:                 16 kB
Rss:                   0 kB
Pss:                   0 kB
Shared_Clean:          0 kB
Shared_Dirty:          0 kB
Private_Clean:         0 kB
Private_Dirty:         0 kB
Referenced:            0 kB
Swap:                  0 kB
KernelPageSize:        4 kB
MMUPageSize:           4 kB
00798000-00799000 r--p 00004000 fc:01 1755738    /usr/lib/libXtst.so.6.1.0
Size:                  4 kB
Rss:                   4 kB
Pss:                   4 kB
Shared_Clean:          0 kB
Shared_Dirty:          0 kB
Private_Clean:         4 kB
Private_Dirty:         0 kB
Referenced:            0 kB
Swap:                  0 kB
KernelPageSize:        4 kB
MMUPageSize:           4 kB
00799000-0079a000 rw-p 00005000 fc:01 1755738    /usr/lib/libXtst.so.6.1.0
Size:                  4 kB
Rss:                   0 kB
Pss:                   0 kB
Shared_Clean:          0 kB
Shared_Dirty:          0 kB
Private_Clean:         0 kB
Private_Dirty:         0 kB
Referenced:            0 kB
Swap:                  4 kB
KernelPageSize:        4 kB
MMUPageSize:           4 kB
0079a000-0079e000 rwxp 00000000 00:00 0 
Size:                 16 kB
Rss:                   8 kB
Pss:                   8 kB
Shared_Clean:          0 kB
Shared_Dirty:          0 kB
Private_Clean:         8 kB
Private_Dirty:         0 kB
Referenced:            8 kB
Swap:                  0 kB
KernelPageSize:        4 kB
MMUPageSize:           4 kB
0079e000-007a0000 r-xp 00000000 fc:01 2091233    /usr/lib/pango/1.6.0/modules/pango-basic-fc.so
Size:                  8 kB
Rss:                   8 kB
Pss:                   0 kB
Shared_Clean:          8 kB
Shared_Dirty:          0 kB
Private_Clean:         0 kB
Private_Dirty:         0 kB
Referenced:            8 kB
Swap:                  0 kB
KernelPageSize:        4 kB
MMUPageSize:           4 kB
007a0000-007a1000 r--p 00001000 fc:01 2091233    /usr/lib/pango/1.6.0/modules/pango-basic-fc.so
Size:                  4 kB
Rss:                   4 kB
Pss:                   4 kB
Shared_Clean:          0 kB
Shared_Dirty:          0 kB
Private_Clean:         4 kB
Private_Dirty:         0 kB
Referenced:            4 kB
Swap:                  0 kB
KernelPageSize:        4 kB
MMUPageSize:           4 kB
007a1000-007a2000 rw-p 00002000 fc:01 2091233    /usr/lib/pango/1.6.0/modules/pango-basic-fc.so
Size:                  4 kB
Rss:                   4 kB
Pss:                   4 kB
Shared_Clean:          0 kB
Shared_Dirty:          0 kB
Private_Clean:         4 kB
Private_Dirty:         0 kB
Referenced:            4 kB
Swap:                  0 kB
KernelPageSize:        4 kB
MMUPageSize:           4 kB
007a2000-007a6000 r-xp 00000000 fc:01 2410698    /usr/lib/gtk-2.0/2.10.0/loaders/libpixbufloader-png.so
Size:                 16 kB
Rss:                   0 kB
Pss:                   0 kB
Shared_Clean:          0 kB
Shared_Dirty:          0 kB
Private_Clean:         0 kB
Private_Dirty:         0 kB
Referenced:            0 kB
Swap:                  0 kB
KernelPageSize:        4 kB
MMUPageSize:           4 kB
007a6000-007a7000 r--p 00003000 fc:01 2410698    /usr/lib/gtk-2.0/2.10.0/loaders/libpixbufloader-png.so
Size:                  4 kB
Rss:                   0 kB
Pss:                   0 kB
Shared_Clean:          0 kB
Shared_Dirty:          0 kB
Private_Clean:         0 kB
Private_Dirty:         0 kB
Referenced:            0 kB
Swap:                  4 kB
KernelPageSize:        4 kB
MMUPageSize:           4 kB
007a7000-007a8000 rw-p 00004000 fc:01 2410698    /usr/lib/gtk-2.0/2.10.0/loaders/libpixbufloader-png.so
Size:                  4 kB
Rss:                   0 kB
Pss:                   0 kB
Shared_Clean:          0 kB
Shared_Dirty:          0 kB
Private_Clean:         0 kB
Private_Dirty:         0 kB
Referenced:            0 kB
Swap:                  4 kB
KernelPageSize:        4 kB
MMUPageSize:           4 kB
007a8000-007ad000 r-xp 00000000 fc:01 2410692    /usr/lib/gtk-2.0/2.10.0/loaders/libpixbufloader-gif.so
Size:                 20 kB
Rss:                  20 kB
Pss:                  20 kB
Shared_Clean:          0 kB
Shared_Dirty:          0 kB
Private_Clean:        20 kB
Private_Dirty:         0 kB
Referenced:           20 kB
Swap:                  0 kB
KernelPageSize:        4 kB
MMUPageSize:           4 kB
007ad000-007ae000 r--p 00004000 fc:01 2410692    /usr/lib/gtk-2.0/2.10.0/loaders/libpixbufloader-gif.so
Size:                  4 kB
Rss:                   0 kB
Pss:                   0 kB
Shared_Clean:          0 kB
Shared_Dirty:          0 kB
Private_Clean:         0 kB
Private_Dirty:         0 kB
Referenced:            0 kB
Swap:                  4 kB
KernelPageSize:        4 kB
MMUPageSize:           4 kB
007ae000-007af000 rw-p 00005000 fc:01 2410692    /usr/lib/gtk-2.0/2.10.0/loaders/libpixbufloader-gif.so
Size:                  4 kB
Rss:                   4 kB
Pss:                   4 kB
Shared_Clean:          0 kB
Shared_Dirty:          0 kB
Private_Clean:         4 kB
Private_Dirty:         0 kB
Referenced:            4 kB
Swap:                  0 kB
KernelPageSize:        4 kB
MMUPageSize:           4 kB
007af000-007b5000 r-xp 00000000 fc:01 5423162    /home/wiper/eclipse/configuration/org.eclipse.osgi/bundles/401/1/.cp/libswt-atk-gtk-3557.so
Size:                 24 kB
Rss:                   4 kB
Pss:                   4 kB
Shared_Clean:          0 kB
Shared_Dirty:          0 kB
Private_Clean:         4 kB
Private_Dirty:         0 kB
Referenced:            4 kB
Swap:                  0 kB
KernelPageSize:        4 kB
MMUPageSize:           4 kB
007b5000-007b6000 rw-p 00005000 fc:01 5423162    /home/wiper/eclipse/configuration/org.eclipse.osgi/bundles/401/1/.cp/libswt-atk-gtk-3557.so
Size:                  4 kB
Rss:                   4 kB
Pss:                   4 kB
Shared_Clean:          0 kB
Shared_Dirty:          0 kB
Private_Clean:         4 kB
Private_Dirty:         0 kB
Referenced:            4 kB
Swap:                  0 kB
KernelPageSize:        4 kB
MMUPageSize:           4 kB
007b6000-007bb000 r-xp 00000000 fc:01 2416652    /usr/lib/gtk-2.0/2.10.0/immodules/im-ibus.so
Size:                 20 kB
Rss:                  12 kB
Pss:                   1 kB
Shared_Clean:         12 kB
Shared_Dirty:          0 kB
Private_Clean:         0 kB
Private_Dirty:         0 kB
Referenced:           12 kB
Swap:                  0 kB
KernelPageSize:        4 kB
MMUPageSize:           4 kB
007bb000-007bc000 r--p 00004000 fc:01 2416652    /usr/lib/gtk-2.0/2.10.0/immodules/im-ibus.so
Size:                  4 kB
Rss:                   0 kB
Pss:                   0 kB
Shared_Clean:          0 kB
Shared_Dirty:          0 kB
Private_Clean:         0 kB
Private_Dirty:         0 kB
Referenced:            0 kB
Swap:                  4 kB
KernelPageSize:        4 kB
MMUPageSize:           4 kB
007bc000-007bd000 rw-p 00005000 fc:01 2416652    /usr/lib/gtk-2.0/2.10.0/immodules/im-ibus.so
Size:                  4 kB
Rss:                   4 kB
Pss:                   4 kB
Shared_Clean:          0 kB
Shared_Dirty:          0 kB
Private_Clean:         0 kB
Private_Dirty:         4 kB
Referenced:            4 kB
Swap:                  0 kB
KernelPageSize:        4 kB
MMUPageSize:           4 kB
007bd000-007c7000 r-xp 00000000 fc:01 5660740    /lib/libudev.so.0.5.0
Size:                 40 kB
Rss:                   0 kB
Pss:                   0 kB
Shared_Clean:          0 kB
Shared_Dirty:          0 kB
Private_Clean:         0 kB
Private_Dirty:         0 kB
Referenced:            0 kB
Swap:                  0 kB
KernelPageSize:        4 kB
MMUPageSize:           4 kB
007c7000-007c8000 r--p 00009000 fc:01 5660740    /lib/libudev.so.0.5.0
Size:                  4 kB
Rss:                   0 kB
Pss:                   0 kB
Shared_Clean:          0 kB
Shared_Dirty:          0 kB
Private_Clean:         0 kB
Private_Dirty:         0 kB
Referenced:            0 kB
Swap:                  4 kB
KernelPageSize:        4 kB
MMUPageSize:           4 kB
007c8000-007c9000 rw-p 0000a000 fc:01 5660740    /lib/libudev.so.0.5.0
Size:                  4 kB
Rss:                   0 kB
Pss:                   0 kB
Shared_Clean:          0 kB
Shared_Dirty:          0 kB
Private_Clean:         0 kB
Private_Dirty:         0 kB
Referenced:            0 kB
Swap:                  4 kB
KernelPageSize:        4 kB
MMUPageSize:           4 kB
007c9000-007cc000 r-xp 00000000 fc:01 5423528    /home/wiper/eclipse/configuration/org.eclipse.osgi/bundles/401/1/.cp/libswt-gnome-gtk-3557.so
Size:                 12 kB
Rss:                   0 kB
Pss:                   0 kB
Shared_Clean:          0 kB
Shared_Dirty:          0 kB
Private_Clean:         0 kB
Private_Dirty:         0 kB
Referenced:            0 kB
Swap:                  0 kB
KernelPageSize:        4 kB
MMUPageSize:           4 kB
007cc000-007cd000 rw-p 00002000 fc:01 5423528    /home/wiper/eclipse/configuration/org.eclipse.osgi/bundles/401/1/.cp/libswt-gnome-gtk-3557.so
Size:                  4 kB
Rss:                   4 kB
Pss:                   4 kB
Shared_Clean:          0 kB
Shared_Dirty:          0 kB
Private_Clean:         4 kB
Private_Dirty:         0 kB
Referenced:            0 kB
Swap:                  0 kB
KernelPageSize:        4 kB
MMUPageSize:           4 kB
007cf000-00815000 r-xp 00000000 fc:01 1757161    /usr/lib/libpango-1.0.so.0.2600.0
Size:                280 kB
Rss:                 188 kB
Pss:                  18 kB
Shared_Clean:        184 kB
Shared_Dirty:          0 kB
Private_Clean:         4 kB
Private_Dirty:         0 kB
Referenced:          188 kB
Swap:                  0 kB
KernelPageSize:        4 kB
MMUPageSize:           4 kB
00815000-00816000 r--p 00045000 fc:01 1757161    /usr/lib/libpango-1.0.so.0.2600.0
Size:                  4 kB
Rss:                   4 kB
Pss:                   4 kB
Shared_Clean:          0 kB
Shared_Dirty:          0 kB
Private_Clean:         4 kB
Private_Dirty:         0 kB
Referenced:            4 kB
Swap:                  0 kB
KernelPageSize:        4 kB
MMUPageSize:           4 kB
00816000-00817000 rw-p 00046000 fc:01 1757161    /usr/lib/libpango-1.0.so.0.2600.0
Size:                  4 kB
Rss:                   4 kB
Pss:                   4 kB
Shared_Clean:          0 kB
Shared_Dirty:          0 kB
Private_Clean:         4 kB
Private_Dirty:         0 kB
Referenced:            4 kB
Swap:                  0 kB
KernelPageSize:        4 kB
MMUPageSize:           4 kB
00817000-00828000 r-xp 00000000 fc:01 2433176    /usr/lib/gio/modules/libgioremote-volume-monitor.so
Size:                 68 kB
Rss:                   0 kB
Pss:                   0 kB
Shared_Clean:          0 kB
Shared_Dirty:          0 kB
Private_Clean:         0 kB
Private_Dirty:         0 kB
Referenced:            0 kB
Swap:                  0 kB
KernelPageSize:        4 kB
MMUPageSize:           4 kB
00828000-00829000 r--p 00010000 fc:01 2433176    /usr/lib/gio/modules/libgioremote-volume-monitor.so
Size:                  4 kB
Rss:                   0 kB
Pss:                   0 kB
Shared_Clean:          0 kB
Shared_Dirty:          0 kB
Private_Clean:         0 kB
Private_Dirty:         0 kB
Referenced:            0 kB
Swap:                  4 kB
KernelPageSize:        4 kB
MMUPageSize:           4 kB
00829000-0082a000 rw-p 00011000 fc:01 2433176    /usr/lib/gio/modules/libgioremote-volume-monitor.so
Size:                  4 kB
Rss:                   0 kB
Pss:                   0 kB
Shared_Clean:          0 kB
Shared_Dirty:          0 kB
Private_Clean:         0 kB
Private_Dirty:         0 kB
Referenced:            0 kB
Swap:                  4 kB
KernelPageSize:        4 kB
MMUPageSize:           4 kB
0082a000-00834000 r-xp 00000000 fc:01 5423169    /home/wiper/eclipse/configuration/org.eclipse.osgi/bundles/401/1/.cp/libswt-cairo-gtk-3557.so
Size:                 40 kB
Rss:                   0 kB
Pss:                   0 kB
Shared_Clean:          0 kB
Shared_Dirty:          0 kB
Private_Clean:         0 kB
Private_Dirty:         0 kB
Referenced:            0 kB
Swap:                  0 kB
KernelPageSize:        4 kB
MMUPageSize:           4 kB
00834000-00835000 rw-p 00009000 fc:01 5423169    /home/wiper/eclipse/configuration/org.eclipse.osgi/bundles/401/1/.cp/libswt-cairo-gtk-3557.so
Size:                  4 kB
Rss:                   4 kB
Pss:                   4 kB
Shared_Clean:          0 kB
Shared_Dirty:          0 kB
Private_Clean:         4 kB
Private_Dirty:         0 kB
Referenced:            0 kB
Swap:                  0 kB
KernelPageSize:        4 kB
MMUPageSize:           4 kB
00838000-0083c000 r-xp 00000000 fc:01 1756754    /usr/lib/libXfixes.so.3.1.0
Size:                 16 kB
Rss:                  16 kB
Pss:                   1 kB
Shared_Clean:         16 kB
Shared_Dirty:          0 kB
Private_Clean:         0 kB
Private_Dirty:         0 kB
Referenced:           16 kB
Swap:                  0 kB
KernelPageSize:        4 kB
MMUPageSize:           4 kB
0083c000-0083d000 r--p 00003000 fc:01 1756754    /usr/lib/libXfixes.so.3.1.0
Size:                  4 kB
Rss:                   4 kB
Pss:                   4 kB
Shared_Clean:          0 kB
Shared_Dirty:          0 kB
Private_Clean:         4 kB
Private_Dirty:         0 kB
Referenced:            4 kB
Swap:                  0 kB
KernelPageSize:        4 kB
MMUPageSize:           4 kB
0083d000-0083e000 rw-p 00004000 fc:01 1756754    /usr/lib/libXfixes.so.3.1.0
Size:                  4 kB
Rss:                   4 kB
Pss:                   4 kB
Shared_Clean:          0 kB
Shared_Dirty:          0 kB
Private_Clean:         4 kB
Private_Dirty:         0 kB
Referenced:            4 kB
Swap:                  0 kB
KernelPageSize:        4 kB
MMUPageSize:           4 kB
0083e000-00874000 r-xp 00000000 fc:01 1756250    /usr/lib/libibus.so.1.0.0
Size:                216 kB
Rss:                  16 kB
Pss:                   2 kB
Shared_Clean:         16 kB
Shared_Dirty:          0 kB
Private_Clean:         0 kB
Private_Dirty:         0 kB
Referenced:           16 kB
Swap:                  0 kB
KernelPageSize:        4 kB
MMUPageSize:           4 kB
00874000-00875000 r--p 00036000 fc:01 1756250    /usr/lib/libibus.so.1.0.0
Size:                  4 kB
Rss:                   0 kB
Pss:                   0 kB
Shared_Clean:          0 kB
Shared_Dirty:          0 kB
Private_Clean:         0 kB
Private_Dirty:         0 kB
Referenced:            0 kB
Swap:                  4 kB
KernelPageSize:        4 kB
MMUPageSize:           4 kB
00875000-00876000 rw-p 00037000 fc:01 1756250    /usr/lib/libibus.so.1.0.0
Size:                  4 kB
Rss:                   4 kB
Pss:                   4 kB
Shared_Clean:          0 kB
Shared_Dirty:          0 kB
Private_Clean:         4 kB
Private_Dirty:         0 kB
Referenced:            4 kB
Swap:                  0 kB
KernelPageSize:        4 kB
MMUPageSize:           4 kB
00877000-00879000 r-xp 00000000 fc:01 1757451    /usr/lib/libXinerama.so.1.0.0
Size:                  8 kB
Rss:                   0 kB
Pss:                   0 kB
Shared_Clean:          0 kB
Shared_Dirty:          0 kB
Private_Clean:         0 kB
Private_Dirty:         0 kB
Referenced:            0 kB
Swap:                  0 kB
KernelPageSize:        4 kB
MMUPageSize:           4 kB
00879000-0087a000 rw-p 00001000 fc:01 1757451    /usr/lib/libXinerama.so.1.0.0
Size:                  4 kB
Rss:                   4 kB
Pss:                   4 kB
Shared_Clean:          0 kB
Shared_Dirty:          0 kB
Private_Clean:         4 kB
Private_Dirty:         0 kB
Referenced:            0 kB
Swap:                  0 kB
KernelPageSize:        4 kB
MMUPageSize:           4 kB
0087a000-008b1000 r-xp 00000000 fc:01 5661328    /lib/libdbus-1.so.3.4.0
Size:                220 kB
Rss:                  40 kB
Pss:                   0 kB
Shared_Clean:         40 kB
Shared_Dirty:          0 kB
Private_Clean:         0 kB
Private_Dirty:         0 kB
Referenced:           40 kB
Swap:                  0 kB
KernelPageSize:        4 kB
MMUPageSize:           4 kB
008b1000-008b2000 r--p 00036000 fc:01 5661328    /lib/libdbus-1.so.3.4.0
Size:                  4 kB
Rss:                   4 kB
Pss:                   4 kB
Shared_Clean:          0 kB
Shared_Dirty:          0 kB
Private_Clean:         4 kB
Private_Dirty:         0 kB
Referenced:            0 kB
Swap:                  0 kB
KernelPageSize:        4 kB
MMUPageSize:           4 kB
008b2000-008b3000 rw-p 00037000 fc:01 5661328    /lib/libdbus-1.so.3.4.0
Size:                  4 kB
Rss:                   4 kB
Pss:                   4 kB
Shared_Clean:          0 kB
Shared_Dirty:          0 kB
Private_Clean:         4 kB
Private_Dirty:         0 kB
Referenced:            4 kB
Swap:                  0 kB
KernelPageSize:        4 kB
MMUPageSize:           4 kB
008b3000-008c7000 r-xp 00000000 fc:01 1757197    /usr/lib/libgvfscommon.so.0.0.0
Size:                 80 kB
Rss:                  12 kB
Pss:                   0 kB
Shared_Clean:         12 kB
Shared_Dirty:          0 kB
Private_Clean:         0 kB
Private_Dirty:         0 kB
Referenced:           12 kB
Swap:                  0 kB
KernelPageSize:        4 kB
MMUPageSize:           4 kB
008c7000-008c8000 r--p 00013000 fc:01 1757197    /usr/lib/libgvfscommon.so.0.0.0
Size:                  4 kB
Rss:                   4 kB
Pss:                   4 kB
Shared_Clean:          0 kB
Shared_Dirty:          0 kB
Private_Clean:         4 kB
Private_Dirty:         0 kB
Referenced:            4 kB
Swap:                  0 kB
KernelPageSize:        4 kB
MMUPageSize:           4 kB
008c8000-008c9000 rw-p 00014000 fc:01 1757197    /usr/lib/libgvfscommon.so.0.0.0
Size:                  4 kB
Rss:                   4 kB
Pss:                   4 kB
Shared_Clean:          0 kB
Shared_Dirty:          0 kB
Private_Clean:         4 kB
Private_Dirty:         0 kB
Referenced:            4 kB
Swap:                  0 kB
KernelPageSize:        4 kB
MMUPageSize:           4 kB
008cc000-008d3000 r-xp 00000000 fc:01 1756353    /usr/lib/libXrandr.so.2.2.0
Size:                 28 kB
Rss:                   0 kB
Pss:                   0 kB
Shared_Clean:          0 kB
Shared_Dirty:          0 kB
Private_Clean:         0 kB
Private_Dirty:         0 kB
Referenced:            0 kB
Swap:                  0 kB
KernelPageSize:        4 kB
MMUPageSize:           4 kB
008d3000-008d4000 r--p 00006000 fc:01 1756353    /usr/lib/libXrandr.so.2.2.0
Size:                  4 kB
Rss:                   4 kB
Pss:                   4 kB
Shared_Clean:          0 kB
Shared_Dirty:          0 kB
Private_Clean:         4 kB
Private_Dirty:         0 kB
Referenced:            0 kB
Swap:                  0 kB
KernelPageSize:        4 kB
MMUPageSize:           4 kB
008d4000-008d5000 rw-p 00007000 fc:01 1756353    /usr/lib/libXrandr.so.2.2.0
Size:                  4 kB
Rss:                   0 kB
Pss:                   0 kB
Shared_Clean:          0 kB
Shared_Dirty:          0 kB
Private_Clean:         0 kB
Private_Dirty:         0 kB
Referenced:            0 kB
Swap:                  4 kB
KernelPageSize:        4 kB
MMUPageSize:           4 kB
008d5000-008d7000 r-xp 00000000 fc:01 1756847    /usr/lib/libavahi-glib.so.1.0.1
Size:                  8 kB
Rss:                   0 kB
Pss:                   0 kB
Shared_Clean:          0 kB
Shared_Dirty:          0 kB
Private_Clean:         0 kB
Private_Dirty:         0 kB
Referenced:            0 kB
Swap:                  0 kB
KernelPageSize:        4 kB
MMUPageSize:           4 kB
008d7000-008d8000 r--p 00001000 fc:01 1756847    /usr/lib/libavahi-glib.so.1.0.1
Size:                  4 kB
Rss:                   4 kB
Pss:                   4 kB
Shared_Clean:          0 kB
Shared_Dirty:          0 kB
Private_Clean:         4 kB
Private_Dirty:         0 kB
Referenced:            0 kB
Swap:                  0 kB
KernelPageSize:        4 kB
MMUPageSize:           4 kB
008d8000-008d9000 rw-p 00002000 fc:01 1756847    /usr/lib/libavahi-glib.so.1.0.1
Size:                  4 kB
Rss:                   0 kB
Pss:                   0 kB
Shared_Clean:          0 kB
Shared_Dirty:          0 kB
Private_Clean:         0 kB
Private_Dirty:         0 kB
Referenced:            0 kB
Swap:                  4 kB
KernelPageSize:        4 kB
MMUPageSize:           4 kB
008d9000-008db000 r-xp 00000000 fc:01 5661880    /lib/tls/i686/cmov/libutil-2.10.1.so
Size:                  8 kB
Rss:                   0 kB
Pss:                   0 kB
Shared_Clean:          0 kB
Shared_Dirty:          0 kB
Private_Clean:         0 kB
Private_Dirty:         0 kB
Referenced:            0 kB
Swap:                  0 kB
KernelPageSize:        4 kB
MMUPageSize:           4 kB
008db000-008dc000 r--p 00001000 fc:01 5661880    /lib/tls/i686/cmov/libutil-2.10.1.so
Size:                  4 kB
Rss:                   4 kB
Pss:                   4 kB
Shared_Clean:          0 kB
Shared_Dirty:          0 kB
Private_Clean:         4 kB
Private_Dirty:         0 kB
Referenced:            0 kB
Swap:                  0 kB
KernelPageSize:        4 kB
MMUPageSize:           4 kB
008dc000-008dd000 rw-p 00002000 fc:01 5661880    /lib/tls/i686/cmov/libutil-2.10.1.so
Size:                  4 kB
Rss:                   0 kB
Pss:                   0 kB
Shared_Clean:          0 kB
Shared_Dirty:          0 kB
Private_Clean:         0 kB
Private_Dirty:         0 kB
Referenced:            0 kB
Swap:                  4 kB
KernelPageSize:        4 kB
MMUPageSize:           4 kB
008e0000-0091c000 r-xp 00000000 fc:01 1755743    /usr/lib/libgobject-2.0.so.0.2200.3
Size:                240 kB
Rss:                 188 kB
Pss:                   7 kB
Shared_Clean:        188 kB
Shared_Dirty:          0 kB
Private_Clean:         0 kB
Private_Dirty:         0 kB
Referenced:          188 kB
Swap:                  0 kB
KernelPageSize:        4 kB
MMUPageSize:           4 kB
0091c000-0091d000 r--p 0003b000 fc:01 1755743    /usr/lib/libgobject-2.0.so.0.2200.3
Size:                  4 kB
Rss:                   4 kB
Pss:                   4 kB
Shared_Clean:          0 kB
Shared_Dirty:          0 kB
Private_Clean:         4 kB
Private_Dirty:         0 kB
Referenced:            4 kB
Swap:                  0 kB
KernelPageSize:        4 kB
MMUPageSize:           4 kB
0091d000-0091e000 rw-p 0003c000 fc:01 1755743    /usr/lib/libgobject-2.0.so.0.2200.3
Size:                  4 kB
Rss:                   4 kB
Pss:                   4 kB
Shared_Clean:          0 kB
Shared_Dirty:          0 kB
Private_Clean:         0 kB
Private_Dirty:         4 kB
Referenced:            4 kB
Swap:                  0 kB
KernelPageSize:        4 kB
MMUPageSize:           4 kB
0091e000-00a48000 r-xp 00000000 fc:01 1755933    /usr/lib/libX11.so.6.2.0
Size:               1192 kB
Rss:                 192 kB
Pss:                  12 kB
Shared_Clean:        192 kB
Shared_Dirty:          0 kB
Private_Clean:         0 kB
Private_Dirty:         0 kB
Referenced:          192 kB
Swap:                  0 kB
KernelPageSize:        4 kB
MMUPageSize:           4 kB
00a48000-00a49000 ---p 0012a000 fc:01 1755933    /usr/lib/libX11.so.6.2.0
Size:                  4 kB
Rss:                   0 kB
Pss:                   0 kB
Shared_Clean:          0 kB
Shared_Dirty:          0 kB
Private_Clean:         0 kB
Private_Dirty:         0 kB
Referenced:            0 kB
Swap:                  0 kB
KernelPageSize:        4 kB
MMUPageSize:           4 kB
00a49000-00a4a000 r--p 0012a000 fc:01 1755933    /usr/lib/libX11.so.6.2.0
Size:                  4 kB
Rss:                   4 kB
Pss:                   4 kB
Shared_Clean:          0 kB
Shared_Dirty:          0 kB
Private_Clean:         4 kB
Private_Dirty:         0 kB
Referenced:            4 kB
Swap:                  0 kB
KernelPageSize:        4 kB
MMUPageSize:           4 kB
00a4a000-00a4c000 rw-p 0012b000 fc:01 1755933    /usr/lib/libX11.so.6.2.0
Size:                  8 kB
Rss:                   8 kB
Pss:                   8 kB
Shared_Clean:          0 kB
Shared_Dirty:          0 kB
Private_Clean:         8 kB
Private_Dirty:         0 kB
Referenced:            8 kB
Swap:                  0 kB
KernelPageSize:        4 kB
MMUPageSize:           4 kB
00a4c000-00a4d000 rw-p 00000000 00:00 0 
Size:                  4 kB
Rss:                   4 kB
Pss:                   4 kB
Shared_Clean:          0 kB
Shared_Dirty:          0 kB
Private_Clean:         0 kB
Private_Dirty:         4 kB
Referenced:            4 kB
Swap:                  0 kB
KernelPageSize:        4 kB
MMUPageSize:           4 kB
00a4d000-00a71000 rwxp 00000000 00:00 0 
Size:                144 kB
Rss:                 144 kB
Pss:                 144 kB
Shared_Clean:          0 kB
Shared_Dirty:          0 kB
Private_Clean:       140 kB
Private_Dirty:         4 kB
Referenced:          140 kB
Swap:                  0 kB
KernelPageSize:        4 kB
MMUPageSize:           4 kB
00a71000-00acd000 rwxp 00000000 00:00 0 
Size:                368 kB
Rss:                   0 kB
Pss:                   0 kB
Shared_Clean:          0 kB
Shared_Dirty:          0 kB
Private_Clean:         0 kB
Private_Dirty:         0 kB
Referenced:            0 kB
Swap:                  0 kB
KernelPageSize:        4 kB
MMUPageSize:           4 kB
00acd000-00af1000 r-xp 00000000 fc:01 2433175    /usr/lib/gio/modules/libgvfsdbus.so
Size:                144 kB
Rss:                   0 kB
Pss:                   0 kB
Shared_Clean:          0 kB
Shared_Dirty:          0 kB
Private_Clean:         0 kB
Private_Dirty:         0 kB
Referenced:            0 kB
Swap:                  0 kB
KernelPageSize:        4 kB
MMUPageSize:           4 kB
00af1000-00af2000 r--p 00023000 fc:01 2433175    /usr/lib/gio/modules/libgvfsdbus.so
Size:                  4 kB
Rss:                   0 kB
Pss:                   0 kB
Shared_Clean:          0 kB
Shared_Dirty:          0 kB
Private_Clean:         0 kB
Private_Dirty:         0 kB
Referenced:            0 kB
Swap:                  4 kB
KernelPageSize:        4 kB
MMUPageSize:           4 kB
00af2000-00af3000 rw-p 00024000 fc:01 2433175    /usr/lib/gio/modules/libgvfsdbus.so
Size:                  4 kB
Rss:                   0 kB
Pss:                   0 kB
Shared_Clean:          0 kB
Shared_Dirty:          0 kB
Private_Clean:         0 kB
Private_Dirty:         0 kB
Referenced:            0 kB
Swap:                  4 kB
KernelPageSize:        4 kB
MMUPageSize:           4 kB
00af3000-00afd000 r-xp 00000000 fc:01 1755839    /usr/lib/libavahi-common.so.3.5.1
Size:                 40 kB
Rss:                   0 kB
Pss:                   0 kB
Shared_Clean:          0 kB
Shared_Dirty:          0 kB
Private_Clean:         0 kB
Private_Dirty:         0 kB
Referenced:            0 kB
Swap:                  0 kB
KernelPageSize:        4 kB
MMUPageSize:           4 kB
00afd000-00afe000 r--p 00009000 fc:01 1755839    /usr/lib/libavahi-common.so.3.5.1
Size:                  4 kB
Rss:                   4 kB
Pss:                   4 kB
Shared_Clean:          0 kB
Shared_Dirty:          0 kB
Private_Clean:         4 kB
Private_Dirty:         0 kB
Referenced:            0 kB
Swap:                  0 kB
KernelPageSize:        4 kB
MMUPageSize:           4 kB
00afe000-00aff000 rw-p 0000a000 fc:01 1755839    /usr/lib/libavahi-common.so.3.5.1
Size:                  4 kB
Rss:                   0 kB
Pss:                   0 kB
Shared_Clean:          0 kB
Shared_Dirty:          0 kB
Private_Clean:         0 kB
Private_Dirty:         0 kB
Referenced:            0 kB
Swap:                  4 kB
KernelPageSize:        4 kB
MMUPageSize:           4 kB
00aff000-00b01000 r-xp 00000000 fc:01 1756230    /usr/lib/libXdamage.so.1.1.0
Size:                  8 kB
Rss:                   0 kB
Pss:                   0 kB
Shared_Clean:          0 kB
Shared_Dirty:          0 kB
Private_Clean:         0 kB
Private_Dirty:         0 kB
Referenced:            0 kB
Swap:                  0 kB
KernelPageSize:        4 kB
MMUPageSize:           4 kB
00b01000-00b02000 rw-p 00001000 fc:01 1756230    /usr/lib/libXdamage.so.1.1.0
Size:                  4 kB
Rss:                   4 kB
Pss:                   4 kB
Shared_Clean:          0 kB
Shared_Dirty:          0 kB
Private_Clean:         4 kB
Private_Dirty:         0 kB
Referenced:            0 kB
Swap:                  0 kB
KernelPageSize:        4 kB
MMUPageSize:           4 kB
00b03000-00b2a000 r-xp 00000000 fc:01 1757267    /usr/lib/libpangoft2-1.0.so.0.2600.0
Size:                156 kB
Rss:                 100 kB
Pss:                   8 kB
Shared_Clean:        100 kB
Shared_Dirty:          0 kB
Private_Clean:         0 kB
Private_Dirty:         0 kB
Referenced:          100 kB
Swap:                  0 kB
KernelPageSize:        4 kB
MMUPageSize:           4 kB
00b2a000-00b2b000 r--p 00027000 fc:01 1757267    /usr/lib/libpangoft2-1.0.so.0.2600.0
Size:                  4 kB
Rss:                   4 kB
Pss:                   4 kB
Shared_Clean:          0 kB
Shared_Dirty:          0 kB
Private_Clean:         4 kB
Private_Dirty:         0 kB
Referenced:            4 kB
Swap:                  0 kB
KernelPageSize:        4 kB
MMUPageSize:           4 kB
00b2b000-00b2c000 rw-p 00028000 fc:01 1757267    /usr/lib/libpangoft2-1.0.so.0.2600.0
Size:                  4 kB
Rss:                   4 kB
Pss:                   4 kB
Shared_Clean:          0 kB
Shared_Dirty:          0 kB
Private_Clean:         0 kB
Private_Dirty:         4 kB
Referenced:            4 kB
Swap:                  0 kB
KernelPageSize:        4 kB
MMUPageSize:           4 kB
00b2e000-00ba4000 r-xp 00000000 fc:01 1757160    /usr/lib/libdirectfb-1.2.so.0.7.0
Size:                472 kB
Rss:                   0 kB
Pss:                   0 kB
Shared_Clean:          0 kB
Shared_Dirty:          0 kB
Private_Clean:         0 kB
Private_Dirty:         0 kB
Referenced:            0 kB
Swap:                  0 kB
KernelPageSize:        4 kB
MMUPageSize:           4 kB
00ba4000-00ba5000 ---p 00076000 fc:01 1757160    /usr/lib/libdirectfb-1.2.so.0.7.0
Size:                  4 kB
Rss:                   0 kB
Pss:                   0 kB
Shared_Clean:          0 kB
Shared_Dirty:          0 kB
Private_Clean:         0 kB
Private_Dirty:         0 kB
Referenced:            0 kB
Swap:                  0 kB
KernelPageSize:        4 kB
MMUPageSize:           4 kB
00ba5000-00ba6000 r--p 00076000 fc:01 1757160    /usr/lib/libdirectfb-1.2.so.0.7.0
Size:                  4 kB
Rss:                   4 kB
Pss:                   4 kB
Shared_Clean:          0 kB
Shared_Dirty:          0 kB
Private_Clean:         4 kB
Private_Dirty:         0 kB
Referenced:            0 kB
Swap:                  0 kB
KernelPageSize:        4 kB
MMUPageSize:           4 kB
00ba6000-00ba7000 rw-p 00077000 fc:01 1757160    /usr/lib/libdirectfb-1.2.so.0.7.0
Size:                  4 kB
Rss:                   0 kB
Pss:                   0 kB
Shared_Clean:          0 kB
Shared_Dirty:          0 kB
Private_Clean:         0 kB
Private_Dirty:         0 kB
Referenced:            0 kB
Swap:                  4 kB
KernelPageSize:        4 kB
MMUPageSize:           4 kB
00ba7000-00ba8000 rw-p 00000000 00:00 0 
Size:                  4 kB
Rss:                   0 kB
Pss:                   0 kB
Shared_Clean:          0 kB
Shared_Dirty:          0 kB
Private_Clean:         0 kB
Private_Dirty:         0 kB
Referenced:            0 kB
Swap:                  0 kB
KernelPageSize:        4 kB
MMUPageSize:           4 kB
00ba8000-00bb8000 r-xp 00000000 fc:01 5661351    /lib/libbz2.so.1.0.4
Size:                 64 kB
Rss:                   0 kB
Pss:                   0 kB
Shared_Clean:          0 kB
Shared_Dirty:          0 kB
Private_Clean:         0 kB
Private_Dirty:         0 kB
Referenced:            0 kB
Swap:                  0 kB
KernelPageSize:        4 kB
MMUPageSize:           4 kB
00bb8000-00bb9000 r--p 0000f000 fc:01 5661351    /lib/libbz2.so.1.0.4
Size:                  4 kB
Rss:                   0 kB
Pss:                   0 kB
Shared_Clean:          0 kB
Shared_Dirty:          0 kB
Private_Clean:         0 kB
Private_Dirty:         0 kB
Referenced:            0 kB
Swap:                  4 kB
KernelPageSize:        4 kB
MMUPageSize:           4 kB
00bb9000-00bba000 rw-p 00010000 fc:01 5661351    /lib/libbz2.so.1.0.4
Size:                  4 kB
Rss:                   0 kB
Pss:                   0 kB
Shared_Clean:          0 kB
Shared_Dirty:          0 kB
Private_Clean:         0 kB
Private_Dirty:         0 kB
Referenced:            0 kB
Swap:                  4 kB
KernelPageSize:        4 kB
MMUPageSize:           4 kB
00bbb000-00bdf000 r-xp 00000000 fc:01 2384171    /usr/lib/jvm/java-6-openjdk/jre/lib/i386/libjava.so
Size:                144 kB
Rss:                  76 kB
Pss:                  46 kB
Shared_Clean:         60 kB
Shared_Dirty:          0 kB
Private_Clean:        16 kB
Private_Dirty:         0 kB
Referenced:           76 kB
Swap:                  0 kB
KernelPageSize:        4 kB
MMUPageSize:           4 kB
00bdf000-00be0000 r--p 00023000 fc:01 2384171    /usr/lib/jvm/java-6-openjdk/jre/lib/i386/libjava.so
Size:                  4 kB
Rss:                   4 kB
Pss:                   4 kB
Shared_Clean:          0 kB
Shared_Dirty:          0 kB
Private_Clean:         4 kB
Private_Dirty:         0 kB
Referenced:            4 kB
Swap:                  0 kB
KernelPageSize:        4 kB
MMUPageSize:           4 kB
00be0000-00be2000 rw-p 00024000 fc:01 2384171    /usr/lib/jvm/java-6-openjdk/jre/lib/i386/libjava.so
Size:                  8 kB
Rss:                   8 kB
Pss:                   8 kB
Shared_Clean:          0 kB
Shared_Dirty:          0 kB
Private_Clean:         8 kB
Private_Dirty:         0 kB
Referenced:            8 kB
Swap:                  0 kB
KernelPageSize:        4 kB
MMUPageSize:           4 kB
00be2000-00c13000 r-xp 00000000 fc:01 1757321    /usr/lib/libcroco-0.6.so.3.0.1
Size:                196 kB
Rss:                   0 kB
Pss:                   0 kB
Shared_Clean:          0 kB
Shared_Dirty:          0 kB
Private_Clean:         0 kB
Private_Dirty:         0 kB
Referenced:            0 kB
Swap:                  0 kB
KernelPageSize:        4 kB
MMUPageSize:           4 kB
00c13000-00c16000 rw-p 00030000 fc:01 1757321    /usr/lib/libcroco-0.6.so.3.0.1
Size:                 12 kB
Rss:                   0 kB
Pss:                   0 kB
Shared_Clean:          0 kB
Shared_Dirty:          0 kB
Private_Clean:         0 kB
Private_Dirty:         0 kB
Referenced:            0 kB
Swap:                 12 kB
KernelPageSize:        4 kB
MMUPageSize:           4 kB
00c19000-00c27000 r-xp 00000000 fc:01 1757373    /usr/lib/libcanberra.so.0.1.7
Size:                 56 kB
Rss:                   0 kB
Pss:                   0 kB
Shared_Clean:          0 kB
Shared_Dirty:          0 kB
Private_Clean:         0 kB
Private_Dirty:         0 kB
Referenced:            0 kB
Swap:                  0 kB
KernelPageSize:        4 kB
MMUPageSize:           4 kB
00c27000-00c28000 r--p 0000d000 fc:01 1757373    /usr/lib/libcanberra.so.0.1.7
Size:                  4 kB
Rss:                   0 kB
Pss:                   0 kB
Shared_Clean:          0 kB
Shared_Dirty:          0 kB
Private_Clean:         0 kB
Private_Dirty:         0 kB
Referenced:            0 kB
Swap:                  4 kB
KernelPageSize:        4 kB
MMUPageSize:           4 kB
00c28000-00c29000 rw-p 0000e000 fc:01 1757373    /usr/lib/libcanberra.so.0.1.7
Size:                  4 kB
Rss:                   0 kB
Pss:                   0 kB
Shared_Clean:          0 kB
Shared_Dirty:          0 kB
Private_Clean:         0 kB
Private_Dirty:         0 kB
Referenced:            0 kB
Swap:                  4 kB
KernelPageSize:        4 kB
MMUPageSize:           4 kB
00c29000-00c5f000 r-xp 00000000 fc:01 1757424    /usr/lib/librsvg-2.so.2.26.0
Size:                216 kB
Rss:                   0 kB
Pss:                   0 kB
Shared_Clean:          0 kB
Shared_Dirty:          0 kB
Private_Clean:         0 kB
Private_Dirty:         0 kB
Referenced:            0 kB
Swap:                  0 kB
KernelPageSize:        4 kB
MMUPageSize:           4 kB
00c5f000-00c60000 r--p 00035000 fc:01 1757424    /usr/lib/librsvg-2.so.2.26.0
Size:                  4 kB
Rss:                   0 kB
Pss:                   0 kB
Shared_Clean:          0 kB
Shared_Dirty:          0 kB
Private_Clean:         0 kB
Private_Dirty:         0 kB
Referenced:            0 kB
Swap:                  4 kB
KernelPageSize:        4 kB
MMUPageSize:           4 kB
00c60000-00c61000 rw-p 00036000 fc:01 1757424    /usr/lib/librsvg-2.so.2.26.0
Size:                  4 kB
Rss:                   0 kB
Pss:                   0 kB
Shared_Clean:          0 kB
Shared_Dirty:          0 kB
Private_Clean:         0 kB
Private_Dirty:         0 kB
Referenced:            0 kB
Swap:                  4 kB
KernelPageSize:        4 kB
MMUPageSize:           4 kB
00c65000-00c6c000 r-xp 00000000 fc:01 5661400    /lib/tls/i686/cmov/librt-2.10.1.so
Size:                 28 kB
Rss:                   8 kB
Pss:                   0 kB
Shared_Clean:          8 kB
Shared_Dirty:          0 kB
Private_Clean:         0 kB
Private_Dirty:         0 kB
Referenced:            8 kB
Swap:                  0 kB
KernelPageSize:        4 kB
MMUPageSize:           4 kB
00c6c000-00c6d000 r--p 00006000 fc:01 5661400    /lib/tls/i686/cmov/librt-2.10.1.so
Size:                  4 kB
Rss:                   4 kB
Pss:                   4 kB
Shared_Clean:          0 kB
Shared_Dirty:          0 kB
Private_Clean:         4 kB
Private_Dirty:         0 kB
Referenced:            0 kB
Swap:                  0 kB
KernelPageSize:        4 kB
MMUPageSize:           4 kB
00c6d000-00c6e000 rw-p 00007000 fc:01 5661400    /lib/tls/i686/cmov/librt-2.10.1.so
Size:                  4 kB
Rss:                   0 kB
Pss:                   0 kB
Shared_Clean:          0 kB
Shared_Dirty:          0 kB
Private_Clean:         0 kB
Private_Dirty:         0 kB
Referenced:            0 kB
Swap:                  4 kB
KernelPageSize:        4 kB
MMUPageSize:           4 kB
00c6e000-00cc3000 r-xp 00000000 fc:01 5423116    /home/wiper/eclipse/configuration/org.eclipse.osgi/bundles/401/1/.cp/libswt-pi-gtk-3557.so
Size:                340 kB
Rss:                 144 kB
Pss:                 144 kB
Shared_Clean:          0 kB
Shared_Dirty:          0 kB
Private_Clean:       144 kB
Private_Dirty:         0 kB
Referenced:          144 kB
Swap:                  0 kB
KernelPageSize:        4 kB
MMUPageSize:           4 kB
00cc3000-00cc6000 rw-p 00054000 fc:01 5423116    /home/wiper/eclipse/configuration/org.eclipse.osgi/bundles/401/1/.cp/libswt-pi-gtk-3557.so
Size:                 12 kB
Rss:                  12 kB
Pss:                  12 kB
Shared_Clean:          0 kB
Shared_Dirty:          0 kB
Private_Clean:         8 kB
Private_Dirty:         4 kB
Referenced:           12 kB
Swap:                  0 kB
KernelPageSize:        4 kB
MMUPageSize:           4 kB
00cc6000-00cda000 r-xp 00000000 fc:01 1757006    /usr/lib/libgnome-2.so.0.2800.0
Size:                 80 kB
Rss:                   0 kB
Pss:                   0 kB
